// Jest Snapshot v1, https://goo.gl/fbAQLP

exports[`authorizations should return all authorizations 1`] = `
Object {
  "authorizations": Object {
    "__typename": "AuthorizationsConnection",
    "nodes": Array [
      Object {
        "__typename": "Authorization",
        "authId": 26,
        "createdBlock": 31792,
        "data": null,
        "expiry": null,
        "fromDid": "0x406c0c0af84c690b0fd730c53f9518af7b6a11f0aa5b1e3bdf48b5bf7f695fb4",
        "status": "Consumed",
        "toDid": null,
        "toKey": "0xc55777790670bfd6bf012d79fd65f29afe233694d5af0a5e74783f13849fe29a",
        "type": "RotatePrimaryKey",
        "updatedBlock": 31807,
      },
    ],
  },
}
`;

exports[`authorizations should return authorisations filtered by authorization type 1`] = `
Object {
  "authorizations": Object {
    "__typename": "AuthorizationsConnection",
    "nodes": Array [],
  },
}
`;
