// Jest Snapshot v1, https://goo.gl/fbAQLP

exports[`historyofPaymentEventsForCas should get payment history 1`] = `
Object {
  "historyOfPaymentEventsForCas": Object {
    "__typename": "HistoryOfPaymentEventsForCasConnection",
    "nodes": Array [],
    "totalCount": 0,
  },
}
`;

exports[`withholdingTaxesOfCas should return the witholding taxes 1`] = `
Object {
  "withholdingTaxesOfCas": Object {
    "__typename": "WithholdingTaxesOfCasConnection",
    "nodes": Array [],
  },
}
`;
