// Jest Snapshot v1, https://goo.gl/fbAQLP

exports[`historyofPaymentEventsForCas should get payment history 1`] = `
Object {
  "historyOfPaymentEventsForCas": Object {
    "__typename": "HistoryOfPaymentEventsForCasConnection",
    "nodes": Array [
      Object {
        "__typename": "HistoryOfPaymentEventsForCa",
        "balance": 100000000,
        "blockId": 358,
        "datetime": "2021-10-06T12:35:04",
        "eventDid": "0x6c15581b6ded46773fbb9786b44624fb2d44397f89bfd71b077462c22ac4b72d",
        "eventId": "BenefitClaimed",
        "eventIdx": 2,
        "localId": 0,
        "tax": 15,
        "ticker": "13TICKER",
      },
    ],
    "totalCount": 1,
  },
}
`;

exports[`withholdingTaxesOfCas should return the witholding taxes 1`] = `
Object {
  "withholdingTaxesOfCas": Object {
    "__typename": "WithholdingTaxesOfCasConnection",
    "nodes": Array [
      Object {
        "__typename": "WithholdingTaxesOfCa",
        "taxes": 1500,
      },
    ],
  },
}
`;
