// Jest Snapshot v1, https://goo.gl/fbAQLP

exports[`getFundings test getting fundings with ticker and fundingName filters 1 1`] = `
Object {
  "fundings": Object {
    "__typename": "FundingsConnection",
    "nodes": Array [],
    "totalCount": 0,
  },
}
`;

exports[`getFundings test getting fundings with ticker and fundingName filters 2 1`] = `
Object {
  "fundings": Object {
    "__typename": "FundingsConnection",
    "nodes": Array [],
    "totalCount": 0,
  },
}
`;

exports[`getFundings test getting fundings with ticker filter only 1 1`] = `
Object {
  "fundings": Object {
    "__typename": "FundingsConnection",
    "nodes": Array [],
    "totalCount": 0,
  },
}
`;
