// Jest Snapshot v1, https://goo.gl/fbAQLP

exports[`getFundings test getting fundings with ticker and fundingName filters 1 1`] = `
Object {
  "fundings": Object {
    "__typename": "FundingsConnection",
    "nodes": Array [
      Object {
        "__typename": "Funding",
        "blockId": "201",
        "fundingName": "first",
        "ticker": "8TICKER",
        "totalIssuedInFundingRound": "1000000",
        "value": "1000000",
      },
      Object {
        "__typename": "Funding",
        "blockId": "204",
        "fundingName": "first",
        "ticker": "8TICKER",
        "totalIssuedInFundingRound": "1000100",
        "value": "100",
      },
    ],
    "totalCount": 2,
  },
}
`;

exports[`getFundings test getting fundings with ticker and fundingName filters 2 1`] = `
Object {
  "fundings": Object {
    "__typename": "FundingsConnection",
    "nodes": Array [],
    "totalCount": 0,
  },
}
`;

exports[`getFundings test getting fundings with ticker filter only 1 1`] = `
Object {
  "fundings": Object {
    "__typename": "FundingsConnection",
    "nodes": Array [
      Object {
        "__typename": "Funding",
        "blockId": "201",
        "fundingName": "first",
        "ticker": "8TICKER",
        "totalIssuedInFundingRound": "1000000",
        "value": "1000000",
      },
      Object {
        "__typename": "Funding",
        "blockId": "204",
        "fundingName": "first",
        "ticker": "8TICKER",
        "totalIssuedInFundingRound": "1000100",
        "value": "100",
      },
    ],
    "totalCount": 2,
  },
}
`;
