// Jest Snapshot v1, https://goo.gl/fbAQLP

exports[`heldTokens test getting tokens held by DID 1`] = `
Object {
  "heldTokens": Object {
    "__typename": "HeldTokensConnection",
    "nodes": Array [
      Object {
        "__typename": "HeldToken",
        "token": "11ATICKER",
      },
      Object {
        "__typename": "HeldToken",
        "token": "11BTICKER1",
      },
      Object {
        "__typename": "HeldToken",
        "token": "11BTICKER2",
      },
      Object {
        "__typename": "HeldToken",
        "token": "12TICKER",
      },
      Object {
        "__typename": "HeldToken",
        "token": "13EARNED",
      },
      Object {
        "__typename": "HeldToken",
        "token": "13TICKER",
      },
      Object {
        "__typename": "HeldToken",
        "token": "14TICKER",
      },
      Object {
        "__typename": "HeldToken",
        "token": "14TICKERRAIS",
      },
    ],
    "totalCount": 8,
  },
}
`;
