// Jest Snapshot v1, https://goo.gl/fbAQLP

exports[`getInstructions test getting instructions 1`] = `
Object {
  "instructions": Object {
    "__typename": "InstructionsConnection",
    "nodes": Array [
      Object {
        "__typename": "Instruction",
        "addresses": Array [
          "5GrwvaEF5zXb26Fz9rcQpDWS57CtERHpNehXCPcNoHGKutQY",
          "5DcLNmYXCC8J1hLHJsbtPFNX7kSDx4YTbgGkNYcHUKdvbgU9",
        ],
        "blockId": 259,
        "settlementType": "SettleOnAffirmation",
        "status": "Executed",
        "venueId": "1",
      },
      Object {
        "__typename": "Instruction",
        "addresses": Array [
          "5GrwvaEF5zXb26Fz9rcQpDWS57CtERHpNehXCPcNoHGKutQY",
          "5FA8HQPMNmidk6X2h9dfZUEivwRt6ju4cgtpHPEcbB62veMW",
          "5EXPTATZUFcAR9ao5qp9UVaYPoprDpQZFhuVpyibFhA3gmCY",
          "5Hmn2MX8PEd7rBfmXywhAfMvr77FkVy94PyMGncWabDbFVJ7",
          "5DUtBYagbSiwaVdgK54ka26dtdykVn5M71DduDdw64M659EW",
        ],
        "blockId": 288,
        "settlementType": "SettleOnAffirmation",
        "status": "Executed",
        "venueId": "2",
      },
      Object {
        "__typename": "Instruction",
        "addresses": Array [
          "5GrwvaEF5zXb26Fz9rcQpDWS57CtERHpNehXCPcNoHGKutQY",
          "5FcXLkN8fkcr65qg8ZJpjZ4Aeqk8HBvXKdDmSK2zUwB4EJsc",
        ],
        "blockId": 324,
        "settlementType": "SettleOnAffirmation",
        "status": "Executed",
        "venueId": "3",
      },
      Object {
        "__typename": "Instruction",
        "addresses": Array [
          "5GrwvaEF5zXb26Fz9rcQpDWS57CtERHpNehXCPcNoHGKutQY",
          "5Ev8nm5CBFm3FRvjso95EbCmVM44WRcZRyH4jgXv6CpLvxTa",
        ],
        "blockId": 352,
        "settlementType": "SettleOnAffirmation",
        "status": "Executed",
        "venueId": "5",
      },
      Object {
        "__typename": "Instruction",
        "addresses": Array [
          "5CaWrWYw133scCHRLGBkQv9ssdFFnanPSZhQHmo8ARMeK79Z",
          "5GqANhefumSBPko8oLdKAH8No6Wk7iN4kzgesvqxyQMupfSu",
        ],
        "blockId": 377,
        "settlementType": "SettleOnAffirmation",
        "status": "Executed",
        "venueId": "6",
      },
      Object {
        "__typename": "Instruction",
        "addresses": Array [
          "5CaWrWYw133scCHRLGBkQv9ssdFFnanPSZhQHmo8ARMeK79Z",
        ],
        "blockId": 383,
        "settlementType": "SettleOnAffirmation",
        "status": "Executed",
        "venueId": "7",
      },
      Object {
        "__typename": "Instruction",
        "addresses": Array [
          "5GqANhefumSBPko8oLdKAH8No6Wk7iN4kzgesvqxyQMupfSu",
        ],
        "blockId": 384,
        "settlementType": "SettleOnAffirmation",
        "status": "Executed",
        "venueId": "7",
      },
    ],
    "totalCount": 7,
  },
}
`;
