// Jest Snapshot v1, https://goo.gl/fbAQLP

exports[`instructions getting instructions 1`] = `
Object {
  "instructions": Object {
    "__typename": "InstructionsConnection",
    "nodes": Array [
      Object {
        "__typename": "Instruction",
        "addresses": Array [
          "0xd43593c715fdd31c61141abd04a99fd6822c8558854ccde39a5684e7a56da27d",
          "0x445bc6587e10fdb738384afe436aeac71f8b3b43ffa35ad732df57a75af9c631",
        ],
        "blockId": "259",
        "settlementType": "SettleOnAffirmation",
        "status": "Executed",
        "venueId": "1",
      },
      Object {
        "__typename": "Instruction",
        "addresses": Array [
          "0xd43593c715fdd31c61141abd04a99fd6822c8558854ccde39a5684e7a56da27d",
          "0x88d7277a36fd54d21036137521b95f32d889c4d2c04a6da01a005897870feb72",
          "0x6cd2229cfcefc94ca4fa6e0596576d4d3bdbba6147647570f07b99cf16bbb56e",
          "0xfc804196cdde207010e2c71153bc54699b87b668c6ecdff9f7040992e7c5b461",
          "0x3eace1ba3427aba41c91ae03a47fbc9cba9acc3555e5348a2446a0392996d049",
        ],
        "blockId": "288",
        "settlementType": "SettleOnAffirmation",
        "status": "Executed",
        "venueId": "2",
      },
      Object {
        "__typename": "Instruction",
        "addresses": Array [
          "0xd43593c715fdd31c61141abd04a99fd6822c8558854ccde39a5684e7a56da27d",
          "0x9cf9275b33172c4314f15a677f5382346ba4bf984fb86adaadf45eb3f1008442",
        ],
        "blockId": "324",
        "settlementType": "SettleOnAffirmation",
        "status": "Executed",
        "venueId": "3",
      },
      Object {
        "__typename": "Instruction",
        "addresses": Array [
          "0xd43593c715fdd31c61141abd04a99fd6822c8558854ccde39a5684e7a56da27d",
          "0x7e2b6c2251327adee2637729546e952c183f381712a805db885ebfdd4117b022",
        ],
        "blockId": "352",
        "settlementType": "SettleOnAffirmation",
        "status": "Executed",
        "venueId": "5",
      },
      Object {
        "__typename": "Instruction",
        "addresses": Array [
          "0x16bc52d9ae4224c6f50ea0e1c2fb1f71aa92bc686d1afa252d7c90b69e037775",
          "0xd2d8ff9e17bc4fb99e2f55d7828f241a80ad54d8e05dff8fccd39aeaa4d5593f",
        ],
        "blockId": "377",
        "settlementType": "SettleOnAffirmation",
        "status": "Executed",
        "venueId": "6",
      },
      Object {
        "__typename": "Instruction",
        "addresses": Array [
          "0x16bc52d9ae4224c6f50ea0e1c2fb1f71aa92bc686d1afa252d7c90b69e037775",
        ],
        "blockId": "383",
        "settlementType": "SettleOnAffirmation",
        "status": "Executed",
        "venueId": "7",
      },
      Object {
        "__typename": "Instruction",
        "addresses": Array [
          "0xd2d8ff9e17bc4fb99e2f55d7828f241a80ad54d8e05dff8fccd39aeaa4d5593f",
        ],
        "blockId": "384",
        "settlementType": "SettleOnAffirmation",
        "status": "Executed",
        "venueId": "7",
      },
    ],
    "totalCount": 7,
  },
}
`;
