// Jest Snapshot v1, https://goo.gl/fbAQLP

exports[`settlements with address filter 1`] = `
Object {
  "settlements": Object {
    "__typename": "SettlementsConnection",
    "nodes": Array [],
    "totalCount": 0,
  },
}
`;

exports[`settlements with from filter 1`] = `
Object {
  "settlements": Object {
    "__typename": "SettlementsConnection",
    "nodes": Array [],
    "totalCount": 0,
  },
}
`;

exports[`settlements with no filter 1`] = `
Object {
  "settlements": Object {
    "__typename": "SettlementsConnection",
    "nodes": Array [],
    "totalCount": 0,
  },
}
`;

exports[`settlements with ticker filter 1`] = `
Object {
  "settlements": Object {
    "__typename": "SettlementsConnection",
    "nodes": Array [],
    "totalCount": 0,
  },
}
`;
