// Jest Snapshot v1, https://goo.gl/fbAQLP

exports[`tickerExternalAgentAdded should return the time block and event index when an agent was added to a ticker 1`] = `
Object {
  "tickerExternalAgentAddeds": Object {
    "__typename": "TickerExternalAgentAddedsConnection",
    "nodes": Array [],
  },
}
`;
