// Jest Snapshot v1, https://goo.gl/fbAQLP

exports[`compliances should return all compliance requirements for a particular asset 1`] = `
Object {
  "compliances": Object {
    "__typename": "CompliancesConnection",
    "nodes": Array [
      Object {
        "__typename": "Compliance",
        "data": "{\\"senderConditions\\":[{\\"conditionType\\":{\\"isPresent\\":{\\"exempted\\":{\\"ticker\\":\\"0x375449434b45520000000000\\"}}},\\"issuers\\":[{\\"issuer\\":\\"0x5c7834d42ff31e9df992016d5983301d8376494a61d464c66fd03bb4b02471e0\\",\\"trustedFor\\":{\\"any\\":null}}]}],\\"receiverConditions\\":[{\\"conditionType\\":{\\"isPresent\\":{\\"exempted\\":{\\"ticker\\":\\"0x375449434b45520000000000\\"}}},\\"issuers\\":[{\\"issuer\\":\\"0x5c7834d42ff31e9df992016d5983301d8376494a61d464c66fd03bb4b02471e0\\",\\"trustedFor\\":{\\"any\\":null}}]}]}",
        "id": 1,
      },
    ],
  },
}
`;
