// Jest Snapshot v1, https://goo.gl/fbAQLP

exports[`distributionPayments should get payment history for a distribution 1`] = `
Object {
  "distributionPayments": Object {
    "__typename": "DistributionPaymentsConnection",
    "nodes": Array [
      Object {
        "__typename": "DistributionPayment",
        "amount": "100000000",
        "createdBlockId": "329",
        "datetime": "2022-11-08T19:03:02.001",
        "eventDid": "0x89100903bc302c7b57438722751818bb147505d00c11b673724083de17cef001",
        "eventId": "BenefitClaimed",
        "tax": "15",
      },
    ],
    "totalCount": 1,
  },
}
`;

exports[`distributions should return the withholding taxes for a distribution 1`] = `
Object {
  "distributions": Object {
    "__typename": "DistributionsConnection",
    "nodes": Array [
      Object {
        "__typename": "Distribution",
        "taxes": "15",
      },
    ],
  },
}
`;
