// Jest Snapshot v1, https://goo.gl/fbAQLP

exports[`investments should return investments for sto 1`] = `
Object {
  "investments": Object {
    "__typename": "InvestmentsConnection",
    "nodes": Array [
      Object {
        "__typename": "Investment",
        "createdBlockId": "353",
        "datetime": "2022-11-08T19:03:14",
        "investor": "0x73169195239ea1e63d5eb7042d234f62c647d09985d6e8413e3021c9a4826af8",
        "offeringToken": "14TICKER",
        "offeringTokenAmount": "30000",
        "raiseToken": "14TICKERRAIS",
        "raiseTokenAmount": "1200",
        "stoId": 0,
      },
      Object {
        "__typename": "Investment",
        "createdBlockId": "354",
        "datetime": "2022-11-08T19:03:14.5",
        "investor": "0x0d99491631d116d39ee41bbfeee6241bf1d9d4d243697b730768a3c05bf71183",
        "offeringToken": "14TICKER",
        "offeringTokenAmount": "10000",
        "raiseToken": "14TICKERRAIS",
        "raiseTokenAmount": "400",
        "stoId": 0,
      },
    ],
    "totalCount": 2,
  },
}
`;
