// Jest Snapshot v1, https://goo.gl/fbAQLP

exports[`investments should return investments for sto 1`] = `
Object {
  "investments": Object {
    "__typename": "InvestmentsConnection",
    "nodes": Array [
      Object {
        "__typename": "Investment",
        "createdBlockId": "383",
        "datetime": "2021-10-06T12:35:16.5",
        "investor": "0xad05ae379784a960d841080123d88b7431bf957a596f0afcea1851902a5f7944",
        "offeringToken": "14TICKER",
        "offeringTokenAmount": "40",
        "raiseToken": "14TICKERRAIS",
        "raiseTokenAmount": "0",
        "stoId": 0,
      },
      Object {
        "__typename": "Investment",
        "createdBlockId": "384",
        "datetime": "2021-10-06T12:35:17",
        "investor": "0x43b3e9575f1f5830fe5451bf1caa1fdee5631ef1644ece1d788250ccb7a95144",
        "offeringToken": "14TICKER",
        "offeringTokenAmount": "10",
        "raiseToken": "14TICKERRAIS",
        "raiseTokenAmount": "0",
        "stoId": 0,
      },
    ],
    "totalCount": 2,
  },
}
`;
