// Jest Snapshot v1, https://goo.gl/fbAQLP

exports[`portfolioMovements should return all Portfolio movements associated with a particular Identity 1`] = `
Object {
  "portfolioMovements": Object {
    "__typename": "PortfolioMovementsConnection",
    "nodes": Array [
      Object {
        "__typename": "PortfolioMovement",
        "address": "bc18d7b0241882bcfc94b5fe0d520988f2a9f4050a2a1df58c4de14ee23f3915",
        "amount": "100",
        "assetId": "4TICKER",
        "fromId": "0xa9755a2d863adf7981d60f816884783bb2b71788efdfae845fc2830c36500551/0",
        "id": "111/1",
        "nodeId": "WyJwb3J0Zm9saW9fbW92ZW1lbnRzIiwiMTExLzEiXQ==",
        "toId": "0xa9755a2d863adf7981d60f816884783bb2b71788efdfae845fc2830c36500551/1",
      },
    ],
  },
}
`;

exports[`portfolioMovements should return all movements associated with a particular Portfolio 1`] = `
Object {
  "portfolioMovements": Object {
    "__typename": "PortfolioMovementsConnection",
    "nodes": Array [
      Object {
        "__typename": "PortfolioMovement",
        "address": "bc18d7b0241882bcfc94b5fe0d520988f2a9f4050a2a1df58c4de14ee23f3915",
        "amount": "100",
        "assetId": "4TICKER",
        "fromId": "0xa9755a2d863adf7981d60f816884783bb2b71788efdfae845fc2830c36500551/0",
        "id": "111/1",
        "nodeId": "WyJwb3J0Zm9saW9fbW92ZW1lbnRzIiwiMTExLzEiXQ==",
        "toId": "0xa9755a2d863adf7981d60f816884783bb2b71788efdfae845fc2830c36500551/1",
      },
    ],
  },
}
`;
