// Jest Snapshot v1, https://goo.gl/fbAQLP

exports[`portfolios should return all Portfolios for a particular identity 1`] = `
Object {
  "portfolios": Object {
    "__typename": "PortfoliosConnection",
    "nodes": Array [
      Object {
        "__typename": "Portfolio",
        "createdBlockId": "0",
        "custodianId": null,
        "id": "0x73797374656d3a736574746c656d656e745f6d6f64756c655f64696400000000/0",
        "identityId": "0x73797374656d3a736574746c656d656e745f6d6f64756c655f64696400000000",
        "name": null,
        "nodeId": "WyJwb3J0Zm9saW9zIiwiMHg3Mzc5NzM3NDY1NmQzYTczNjU3NDc0NmM2NTZkNjU2ZTc0NWY2ZDZmNjQ3NTZjNjU1ZjY0Njk2NDAwMDAwMDAwLzAiXQ==",
        "number": 0,
      },
    ],
  },
}
`;

exports[`portfolios should return all numbered Portfolio held by an Identity 1`] = `
Object {
  "portfolios": Object {
    "__typename": "PortfoliosConnection",
    "nodes": Array [],
  },
}
`;
