// Jest Snapshot v1, https://goo.gl/fbAQLP

exports[`portfolioMovements should return all Portfolio movements associated with a particular Identity 1`] = `
Object {
  "portfolioMovements": Object {
    "__typename": "PortfolioMovementsConnection",
    "nodes": Array [],
  },
}
`;

exports[`portfolioMovements should return all movements associated with a particular Portfolio 1`] = `
Object {
  "portfolioMovements": Object {
    "__typename": "PortfolioMovementsConnection",
    "nodes": Array [],
  },
}
`;
