// Jest Snapshot v1, https://goo.gl/fbAQLP

exports[`instructions should return first 10 instructions 1`] = `
Object {
  "instructions": Object {
    "__typename": "InstructionsConnection",
    "nodes": Array [
      Object {
        "__typename": "Instruction",
        "createdBlockId": "227",
        "legs": Object {
          "__typename": "LegsConnection",
          "nodes": Array [
            Object {
              "__typename": "Leg",
              "addresses": Array [
                "5GrwvaEF5zXb26Fz9rcQpDWS57CtERHpNehXCPcNoHGKutQY",
                "5DcLNmYXCC8J1hLHJsbtPFNX7kSDx4YTbgGkNYcHUKdvbgU9",
              ],
              "amount": "100",
              "assetId": "11ATICKER",
              "from": "0x0500000000000000000000000000000000000000000000000000000000000000",
              "fromPortfolio": 0,
              "to": "0x0d0323fe51cc80a9666aee6103d4895be2babde33f0a58a7a7363eb53598f403",
              "toPortfolio": 0,
            },
          ],
        },
        "status": "Executed",
      },
      Object {
        "__typename": "Instruction",
        "createdBlockId": "256",
        "legs": Object {
          "__typename": "LegsConnection",
          "nodes": Array [
            Object {
              "__typename": "Leg",
              "addresses": Array [
                "5GrwvaEF5zXb26Fz9rcQpDWS57CtERHpNehXCPcNoHGKutQY",
                "5FA8HQPMNmidk6X2h9dfZUEivwRt6ju4cgtpHPEcbB62veMW",
                "5EXPTATZUFcAR9ao5qp9UVaYPoprDpQZFhuVpyibFhA3gmCY",
                "5Hmn2MX8PEd7rBfmXywhAfMvr77FkVy94PyMGncWabDbFVJ7",
                "5DUtBYagbSiwaVdgK54ka26dtdykVn5M71DduDdw64M659EW",
              ],
              "amount": "100",
              "assetId": "11BTICKER2",
              "from": "0xea4516967d37fa2e8d1e63e08ed358798518caa6a5dad8c7b236fe9446061dc3",
              "fromPortfolio": 0,
              "to": "0x0500000000000000000000000000000000000000000000000000000000000000",
              "toPortfolio": 0,
            },
            Object {
              "__typename": "Leg",
              "addresses": Array [
                "5GrwvaEF5zXb26Fz9rcQpDWS57CtERHpNehXCPcNoHGKutQY",
                "5FA8HQPMNmidk6X2h9dfZUEivwRt6ju4cgtpHPEcbB62veMW",
                "5EXPTATZUFcAR9ao5qp9UVaYPoprDpQZFhuVpyibFhA3gmCY",
                "5Hmn2MX8PEd7rBfmXywhAfMvr77FkVy94PyMGncWabDbFVJ7",
                "5DUtBYagbSiwaVdgK54ka26dtdykVn5M71DduDdw64M659EW",
              ],
              "amount": "100",
              "assetId": "11BTICKER1",
              "from": "0x0500000000000000000000000000000000000000000000000000000000000000",
              "fromPortfolio": 0,
              "to": "0xea4516967d37fa2e8d1e63e08ed358798518caa6a5dad8c7b236fe9446061dc3",
              "toPortfolio": 0,
            },
            Object {
              "__typename": "Leg",
              "addresses": Array [
                "5GrwvaEF5zXb26Fz9rcQpDWS57CtERHpNehXCPcNoHGKutQY",
                "5FA8HQPMNmidk6X2h9dfZUEivwRt6ju4cgtpHPEcbB62veMW",
                "5EXPTATZUFcAR9ao5qp9UVaYPoprDpQZFhuVpyibFhA3gmCY",
                "5Hmn2MX8PEd7rBfmXywhAfMvr77FkVy94PyMGncWabDbFVJ7",
                "5DUtBYagbSiwaVdgK54ka26dtdykVn5M71DduDdw64M659EW",
              ],
              "amount": "100",
              "assetId": "11BTICKER1",
              "from": "0x0500000000000000000000000000000000000000000000000000000000000000",
              "fromPortfolio": 0,
              "to": "0x40b9ecbf803281095439a8f6a74613e2f221b0a01ebec6ad2f109ed2ea895fbb",
              "toPortfolio": 0,
            },
            Object {
              "__typename": "Leg",
              "addresses": Array [
                "5GrwvaEF5zXb26Fz9rcQpDWS57CtERHpNehXCPcNoHGKutQY",
                "5FA8HQPMNmidk6X2h9dfZUEivwRt6ju4cgtpHPEcbB62veMW",
                "5EXPTATZUFcAR9ao5qp9UVaYPoprDpQZFhuVpyibFhA3gmCY",
                "5Hmn2MX8PEd7rBfmXywhAfMvr77FkVy94PyMGncWabDbFVJ7",
                "5DUtBYagbSiwaVdgK54ka26dtdykVn5M71DduDdw64M659EW",
              ],
              "amount": "100",
              "assetId": "11BTICKER1",
              "from": "0x0500000000000000000000000000000000000000000000000000000000000000",
              "fromPortfolio": 0,
              "to": "0x08c278a1fda1c376118a5a018ed968b73093f43862e69fb70a43420e23dcd811",
              "toPortfolio": 0,
            },
            Object {
              "__typename": "Leg",
              "addresses": Array [
                "5GrwvaEF5zXb26Fz9rcQpDWS57CtERHpNehXCPcNoHGKutQY",
                "5FA8HQPMNmidk6X2h9dfZUEivwRt6ju4cgtpHPEcbB62veMW",
                "5EXPTATZUFcAR9ao5qp9UVaYPoprDpQZFhuVpyibFhA3gmCY",
                "5Hmn2MX8PEd7rBfmXywhAfMvr77FkVy94PyMGncWabDbFVJ7",
                "5DUtBYagbSiwaVdgK54ka26dtdykVn5M71DduDdw64M659EW",
              ],
              "amount": "100",
              "assetId": "11BTICKER1",
              "from": "0x0500000000000000000000000000000000000000000000000000000000000000",
              "fromPortfolio": 0,
              "to": "0x5e356043d083040537b74f6d3516c045ca2f5635f2f1962e0a1ab0ce81806b60",
              "toPortfolio": 0,
            },
          ],
        },
        "status": "Executed",
      },
      Object {
        "__typename": "Instruction",
        "createdBlockId": "291",
        "legs": Object {
          "__typename": "LegsConnection",
          "nodes": Array [
            Object {
              "__typename": "Leg",
              "addresses": Array [
                "5GrwvaEF5zXb26Fz9rcQpDWS57CtERHpNehXCPcNoHGKutQY",
                "5FcXLkN8fkcr65qg8ZJpjZ4Aeqk8HBvXKdDmSK2zUwB4EJsc",
              ],
              "amount": "1000",
              "assetId": "12TICKER",
              "from": "0x0500000000000000000000000000000000000000000000000000000000000000",
              "fromPortfolio": 0,
              "to": "0xbd8b5c568e457823d3d3f18d2d1cc1ed79a086124760e9df41a4c66e96de9b42",
              "toPortfolio": 0,
            },
          ],
        },
        "status": "Executed",
      },
      Object {
        "__typename": "Instruction",
        "createdBlockId": "321",
        "legs": Object {
          "__typename": "LegsConnection",
          "nodes": Array [
            Object {
              "__typename": "Leg",
              "addresses": Array [
                "5GrwvaEF5zXb26Fz9rcQpDWS57CtERHpNehXCPcNoHGKutQY",
                "5Ev8nm5CBFm3FRvjso95EbCmVM44WRcZRyH4jgXv6CpLvxTa",
              ],
              "amount": "100000000",
              "assetId": "13TICKER",
              "from": "0x0500000000000000000000000000000000000000000000000000000000000000",
              "fromPortfolio": 0,
              "to": "0x89100903bc302c7b57438722751818bb147505d00c11b673724083de17cef001",
              "toPortfolio": 0,
            },
          ],
        },
        "status": "Executed",
      },
      Object {
        "__typename": "Instruction",
        "createdBlockId": "347",
        "legs": Object {
          "__typename": "LegsConnection",
          "nodes": Array [
            Object {
              "__typename": "Leg",
              "addresses": Array [
                "5CaWrWYw133scCHRLGBkQv9ssdFFnanPSZhQHmo8ARMeK79Z",
                "5GqANhefumSBPko8oLdKAH8No6Wk7iN4kzgesvqxyQMupfSu",
              ],
              "amount": "100000",
              "assetId": "14TICKERRAIS",
              "from": "0x73169195239ea1e63d5eb7042d234f62c647d09985d6e8413e3021c9a4826af8",
              "fromPortfolio": 0,
              "to": "0x0d99491631d116d39ee41bbfeee6241bf1d9d4d243697b730768a3c05bf71183",
              "toPortfolio": 0,
            },
          ],
        },
        "status": "Executed",
      },
      Object {
        "__typename": "Instruction",
        "createdBlockId": "353",
        "legs": Object {
          "__typename": "LegsConnection",
          "nodes": Array [
            Object {
              "__typename": "Leg",
              "addresses": Array [
                "5CaWrWYw133scCHRLGBkQv9ssdFFnanPSZhQHmo8ARMeK79Z",
              ],
              "amount": "30000",
              "assetId": "14TICKER",
              "from": "0x0500000000000000000000000000000000000000000000000000000000000000",
              "fromPortfolio": 0,
              "to": "0x73169195239ea1e63d5eb7042d234f62c647d09985d6e8413e3021c9a4826af8",
              "toPortfolio": 0,
            },
            Object {
              "__typename": "Leg",
              "addresses": Array [
                "5CaWrWYw133scCHRLGBkQv9ssdFFnanPSZhQHmo8ARMeK79Z",
              ],
              "amount": "1200",
              "assetId": "14TICKERRAIS",
              "from": "0x73169195239ea1e63d5eb7042d234f62c647d09985d6e8413e3021c9a4826af8",
              "fromPortfolio": 0,
              "to": "0x0500000000000000000000000000000000000000000000000000000000000000",
              "toPortfolio": 0,
            },
          ],
        },
        "status": "Executed",
      },
      Object {
        "__typename": "Instruction",
        "createdBlockId": "354",
        "legs": Object {
          "__typename": "LegsConnection",
          "nodes": Array [
            Object {
              "__typename": "Leg",
              "addresses": Array [
                "5GqANhefumSBPko8oLdKAH8No6Wk7iN4kzgesvqxyQMupfSu",
              ],
              "amount": "10000",
              "assetId": "14TICKER",
              "from": "0x0500000000000000000000000000000000000000000000000000000000000000",
              "fromPortfolio": 0,
              "to": "0x0d99491631d116d39ee41bbfeee6241bf1d9d4d243697b730768a3c05bf71183",
              "toPortfolio": 0,
            },
            Object {
              "__typename": "Leg",
              "addresses": Array [
                "5GqANhefumSBPko8oLdKAH8No6Wk7iN4kzgesvqxyQMupfSu",
              ],
              "amount": "400",
              "assetId": "14TICKERRAIS",
              "from": "0x0d99491631d116d39ee41bbfeee6241bf1d9d4d243697b730768a3c05bf71183",
              "fromPortfolio": 0,
              "to": "0x0500000000000000000000000000000000000000000000000000000000000000",
              "toPortfolio": 0,
            },
          ],
        },
        "status": "Executed",
      },
    ],
    "totalCount": 7,
  },
}
`;

exports[`instructions should return instructions for a particular Asset 1`] = `
Object {
  "legs": Object {
    "__typename": "LegsConnection",
    "nodes": Array [
      Object {
        "__typename": "Leg",
        "instruction": Object {
          "__typename": "Instruction",
          "createdBlockId": "256",
          "id": "2",
          "legs": Object {
            "__typename": "LegsConnection",
            "nodes": Array [
              Object {
                "__typename": "Leg",
                "addresses": Array [
                  "5GrwvaEF5zXb26Fz9rcQpDWS57CtERHpNehXCPcNoHGKutQY",
                  "5FA8HQPMNmidk6X2h9dfZUEivwRt6ju4cgtpHPEcbB62veMW",
                  "5EXPTATZUFcAR9ao5qp9UVaYPoprDpQZFhuVpyibFhA3gmCY",
                  "5Hmn2MX8PEd7rBfmXywhAfMvr77FkVy94PyMGncWabDbFVJ7",
                  "5DUtBYagbSiwaVdgK54ka26dtdykVn5M71DduDdw64M659EW",
                ],
                "amount": "100",
                "assetId": "11BTICKER2",
                "from": "0xea4516967d37fa2e8d1e63e08ed358798518caa6a5dad8c7b236fe9446061dc3",
                "fromPortfolio": 0,
                "to": "0x0500000000000000000000000000000000000000000000000000000000000000",
                "toPortfolio": 0,
              },
              Object {
                "__typename": "Leg",
                "addresses": Array [
                  "5GrwvaEF5zXb26Fz9rcQpDWS57CtERHpNehXCPcNoHGKutQY",
                  "5FA8HQPMNmidk6X2h9dfZUEivwRt6ju4cgtpHPEcbB62veMW",
                  "5EXPTATZUFcAR9ao5qp9UVaYPoprDpQZFhuVpyibFhA3gmCY",
                  "5Hmn2MX8PEd7rBfmXywhAfMvr77FkVy94PyMGncWabDbFVJ7",
                  "5DUtBYagbSiwaVdgK54ka26dtdykVn5M71DduDdw64M659EW",
                ],
                "amount": "100",
                "assetId": "11BTICKER1",
                "from": "0x0500000000000000000000000000000000000000000000000000000000000000",
                "fromPortfolio": 0,
                "to": "0xea4516967d37fa2e8d1e63e08ed358798518caa6a5dad8c7b236fe9446061dc3",
                "toPortfolio": 0,
              },
              Object {
                "__typename": "Leg",
                "addresses": Array [
                  "5GrwvaEF5zXb26Fz9rcQpDWS57CtERHpNehXCPcNoHGKutQY",
                  "5FA8HQPMNmidk6X2h9dfZUEivwRt6ju4cgtpHPEcbB62veMW",
                  "5EXPTATZUFcAR9ao5qp9UVaYPoprDpQZFhuVpyibFhA3gmCY",
                  "5Hmn2MX8PEd7rBfmXywhAfMvr77FkVy94PyMGncWabDbFVJ7",
                  "5DUtBYagbSiwaVdgK54ka26dtdykVn5M71DduDdw64M659EW",
                ],
                "amount": "100",
                "assetId": "11BTICKER1",
                "from": "0x0500000000000000000000000000000000000000000000000000000000000000",
                "fromPortfolio": 0,
                "to": "0x40b9ecbf803281095439a8f6a74613e2f221b0a01ebec6ad2f109ed2ea895fbb",
                "toPortfolio": 0,
              },
              Object {
                "__typename": "Leg",
                "addresses": Array [
                  "5GrwvaEF5zXb26Fz9rcQpDWS57CtERHpNehXCPcNoHGKutQY",
                  "5FA8HQPMNmidk6X2h9dfZUEivwRt6ju4cgtpHPEcbB62veMW",
                  "5EXPTATZUFcAR9ao5qp9UVaYPoprDpQZFhuVpyibFhA3gmCY",
                  "5Hmn2MX8PEd7rBfmXywhAfMvr77FkVy94PyMGncWabDbFVJ7",
                  "5DUtBYagbSiwaVdgK54ka26dtdykVn5M71DduDdw64M659EW",
                ],
                "amount": "100",
                "assetId": "11BTICKER1",
                "from": "0x0500000000000000000000000000000000000000000000000000000000000000",
                "fromPortfolio": 0,
                "to": "0x08c278a1fda1c376118a5a018ed968b73093f43862e69fb70a43420e23dcd811",
                "toPortfolio": 0,
              },
              Object {
                "__typename": "Leg",
                "addresses": Array [
                  "5GrwvaEF5zXb26Fz9rcQpDWS57CtERHpNehXCPcNoHGKutQY",
                  "5FA8HQPMNmidk6X2h9dfZUEivwRt6ju4cgtpHPEcbB62veMW",
                  "5EXPTATZUFcAR9ao5qp9UVaYPoprDpQZFhuVpyibFhA3gmCY",
                  "5Hmn2MX8PEd7rBfmXywhAfMvr77FkVy94PyMGncWabDbFVJ7",
                  "5DUtBYagbSiwaVdgK54ka26dtdykVn5M71DduDdw64M659EW",
                ],
                "amount": "100",
                "assetId": "11BTICKER1",
                "from": "0x0500000000000000000000000000000000000000000000000000000000000000",
                "fromPortfolio": 0,
                "to": "0x5e356043d083040537b74f6d3516c045ca2f5635f2f1962e0a1ab0ce81806b60",
                "toPortfolio": 0,
              },
            ],
          },
          "status": "Executed",
        },
      },
      Object {
        "__typename": "Leg",
        "instruction": Object {
          "__typename": "Instruction",
          "createdBlockId": "256",
          "id": "2",
          "legs": Object {
            "__typename": "LegsConnection",
            "nodes": Array [
              Object {
                "__typename": "Leg",
                "addresses": Array [
                  "5GrwvaEF5zXb26Fz9rcQpDWS57CtERHpNehXCPcNoHGKutQY",
                  "5FA8HQPMNmidk6X2h9dfZUEivwRt6ju4cgtpHPEcbB62veMW",
                  "5EXPTATZUFcAR9ao5qp9UVaYPoprDpQZFhuVpyibFhA3gmCY",
                  "5Hmn2MX8PEd7rBfmXywhAfMvr77FkVy94PyMGncWabDbFVJ7",
                  "5DUtBYagbSiwaVdgK54ka26dtdykVn5M71DduDdw64M659EW",
                ],
                "amount": "100",
                "assetId": "11BTICKER2",
                "from": "0xea4516967d37fa2e8d1e63e08ed358798518caa6a5dad8c7b236fe9446061dc3",
                "fromPortfolio": 0,
                "to": "0x0500000000000000000000000000000000000000000000000000000000000000",
                "toPortfolio": 0,
              },
              Object {
                "__typename": "Leg",
                "addresses": Array [
                  "5GrwvaEF5zXb26Fz9rcQpDWS57CtERHpNehXCPcNoHGKutQY",
                  "5FA8HQPMNmidk6X2h9dfZUEivwRt6ju4cgtpHPEcbB62veMW",
                  "5EXPTATZUFcAR9ao5qp9UVaYPoprDpQZFhuVpyibFhA3gmCY",
                  "5Hmn2MX8PEd7rBfmXywhAfMvr77FkVy94PyMGncWabDbFVJ7",
                  "5DUtBYagbSiwaVdgK54ka26dtdykVn5M71DduDdw64M659EW",
                ],
                "amount": "100",
                "assetId": "11BTICKER1",
                "from": "0x0500000000000000000000000000000000000000000000000000000000000000",
                "fromPortfolio": 0,
                "to": "0xea4516967d37fa2e8d1e63e08ed358798518caa6a5dad8c7b236fe9446061dc3",
                "toPortfolio": 0,
              },
              Object {
                "__typename": "Leg",
                "addresses": Array [
                  "5GrwvaEF5zXb26Fz9rcQpDWS57CtERHpNehXCPcNoHGKutQY",
                  "5FA8HQPMNmidk6X2h9dfZUEivwRt6ju4cgtpHPEcbB62veMW",
                  "5EXPTATZUFcAR9ao5qp9UVaYPoprDpQZFhuVpyibFhA3gmCY",
                  "5Hmn2MX8PEd7rBfmXywhAfMvr77FkVy94PyMGncWabDbFVJ7",
                  "5DUtBYagbSiwaVdgK54ka26dtdykVn5M71DduDdw64M659EW",
                ],
                "amount": "100",
                "assetId": "11BTICKER1",
                "from": "0x0500000000000000000000000000000000000000000000000000000000000000",
                "fromPortfolio": 0,
                "to": "0x40b9ecbf803281095439a8f6a74613e2f221b0a01ebec6ad2f109ed2ea895fbb",
                "toPortfolio": 0,
              },
              Object {
                "__typename": "Leg",
                "addresses": Array [
                  "5GrwvaEF5zXb26Fz9rcQpDWS57CtERHpNehXCPcNoHGKutQY",
                  "5FA8HQPMNmidk6X2h9dfZUEivwRt6ju4cgtpHPEcbB62veMW",
                  "5EXPTATZUFcAR9ao5qp9UVaYPoprDpQZFhuVpyibFhA3gmCY",
                  "5Hmn2MX8PEd7rBfmXywhAfMvr77FkVy94PyMGncWabDbFVJ7",
                  "5DUtBYagbSiwaVdgK54ka26dtdykVn5M71DduDdw64M659EW",
                ],
                "amount": "100",
                "assetId": "11BTICKER1",
                "from": "0x0500000000000000000000000000000000000000000000000000000000000000",
                "fromPortfolio": 0,
                "to": "0x08c278a1fda1c376118a5a018ed968b73093f43862e69fb70a43420e23dcd811",
                "toPortfolio": 0,
              },
              Object {
                "__typename": "Leg",
                "addresses": Array [
                  "5GrwvaEF5zXb26Fz9rcQpDWS57CtERHpNehXCPcNoHGKutQY",
                  "5FA8HQPMNmidk6X2h9dfZUEivwRt6ju4cgtpHPEcbB62veMW",
                  "5EXPTATZUFcAR9ao5qp9UVaYPoprDpQZFhuVpyibFhA3gmCY",
                  "5Hmn2MX8PEd7rBfmXywhAfMvr77FkVy94PyMGncWabDbFVJ7",
                  "5DUtBYagbSiwaVdgK54ka26dtdykVn5M71DduDdw64M659EW",
                ],
                "amount": "100",
                "assetId": "11BTICKER1",
                "from": "0x0500000000000000000000000000000000000000000000000000000000000000",
                "fromPortfolio": 0,
                "to": "0x5e356043d083040537b74f6d3516c045ca2f5635f2f1962e0a1ab0ce81806b60",
                "toPortfolio": 0,
              },
            ],
          },
          "status": "Executed",
        },
      },
      Object {
        "__typename": "Leg",
        "instruction": Object {
          "__typename": "Instruction",
          "createdBlockId": "256",
          "id": "2",
          "legs": Object {
            "__typename": "LegsConnection",
            "nodes": Array [
              Object {
                "__typename": "Leg",
                "addresses": Array [
                  "5GrwvaEF5zXb26Fz9rcQpDWS57CtERHpNehXCPcNoHGKutQY",
                  "5FA8HQPMNmidk6X2h9dfZUEivwRt6ju4cgtpHPEcbB62veMW",
                  "5EXPTATZUFcAR9ao5qp9UVaYPoprDpQZFhuVpyibFhA3gmCY",
                  "5Hmn2MX8PEd7rBfmXywhAfMvr77FkVy94PyMGncWabDbFVJ7",
                  "5DUtBYagbSiwaVdgK54ka26dtdykVn5M71DduDdw64M659EW",
                ],
                "amount": "100",
                "assetId": "11BTICKER2",
                "from": "0xea4516967d37fa2e8d1e63e08ed358798518caa6a5dad8c7b236fe9446061dc3",
                "fromPortfolio": 0,
                "to": "0x0500000000000000000000000000000000000000000000000000000000000000",
                "toPortfolio": 0,
              },
              Object {
                "__typename": "Leg",
                "addresses": Array [
                  "5GrwvaEF5zXb26Fz9rcQpDWS57CtERHpNehXCPcNoHGKutQY",
                  "5FA8HQPMNmidk6X2h9dfZUEivwRt6ju4cgtpHPEcbB62veMW",
                  "5EXPTATZUFcAR9ao5qp9UVaYPoprDpQZFhuVpyibFhA3gmCY",
                  "5Hmn2MX8PEd7rBfmXywhAfMvr77FkVy94PyMGncWabDbFVJ7",
                  "5DUtBYagbSiwaVdgK54ka26dtdykVn5M71DduDdw64M659EW",
                ],
                "amount": "100",
                "assetId": "11BTICKER1",
                "from": "0x0500000000000000000000000000000000000000000000000000000000000000",
                "fromPortfolio": 0,
                "to": "0xea4516967d37fa2e8d1e63e08ed358798518caa6a5dad8c7b236fe9446061dc3",
                "toPortfolio": 0,
              },
              Object {
                "__typename": "Leg",
                "addresses": Array [
                  "5GrwvaEF5zXb26Fz9rcQpDWS57CtERHpNehXCPcNoHGKutQY",
                  "5FA8HQPMNmidk6X2h9dfZUEivwRt6ju4cgtpHPEcbB62veMW",
                  "5EXPTATZUFcAR9ao5qp9UVaYPoprDpQZFhuVpyibFhA3gmCY",
                  "5Hmn2MX8PEd7rBfmXywhAfMvr77FkVy94PyMGncWabDbFVJ7",
                  "5DUtBYagbSiwaVdgK54ka26dtdykVn5M71DduDdw64M659EW",
                ],
                "amount": "100",
                "assetId": "11BTICKER1",
                "from": "0x0500000000000000000000000000000000000000000000000000000000000000",
                "fromPortfolio": 0,
                "to": "0x40b9ecbf803281095439a8f6a74613e2f221b0a01ebec6ad2f109ed2ea895fbb",
                "toPortfolio": 0,
              },
              Object {
                "__typename": "Leg",
                "addresses": Array [
                  "5GrwvaEF5zXb26Fz9rcQpDWS57CtERHpNehXCPcNoHGKutQY",
                  "5FA8HQPMNmidk6X2h9dfZUEivwRt6ju4cgtpHPEcbB62veMW",
                  "5EXPTATZUFcAR9ao5qp9UVaYPoprDpQZFhuVpyibFhA3gmCY",
                  "5Hmn2MX8PEd7rBfmXywhAfMvr77FkVy94PyMGncWabDbFVJ7",
                  "5DUtBYagbSiwaVdgK54ka26dtdykVn5M71DduDdw64M659EW",
                ],
                "amount": "100",
                "assetId": "11BTICKER1",
                "from": "0x0500000000000000000000000000000000000000000000000000000000000000",
                "fromPortfolio": 0,
                "to": "0x08c278a1fda1c376118a5a018ed968b73093f43862e69fb70a43420e23dcd811",
                "toPortfolio": 0,
              },
              Object {
                "__typename": "Leg",
                "addresses": Array [
                  "5GrwvaEF5zXb26Fz9rcQpDWS57CtERHpNehXCPcNoHGKutQY",
                  "5FA8HQPMNmidk6X2h9dfZUEivwRt6ju4cgtpHPEcbB62veMW",
                  "5EXPTATZUFcAR9ao5qp9UVaYPoprDpQZFhuVpyibFhA3gmCY",
                  "5Hmn2MX8PEd7rBfmXywhAfMvr77FkVy94PyMGncWabDbFVJ7",
                  "5DUtBYagbSiwaVdgK54ka26dtdykVn5M71DduDdw64M659EW",
                ],
                "amount": "100",
                "assetId": "11BTICKER1",
                "from": "0x0500000000000000000000000000000000000000000000000000000000000000",
                "fromPortfolio": 0,
                "to": "0x5e356043d083040537b74f6d3516c045ca2f5635f2f1962e0a1ab0ce81806b60",
                "toPortfolio": 0,
              },
            ],
          },
          "status": "Executed",
        },
      },
      Object {
        "__typename": "Leg",
        "instruction": Object {
          "__typename": "Instruction",
          "createdBlockId": "256",
          "id": "2",
          "legs": Object {
            "__typename": "LegsConnection",
            "nodes": Array [
              Object {
                "__typename": "Leg",
                "addresses": Array [
                  "5GrwvaEF5zXb26Fz9rcQpDWS57CtERHpNehXCPcNoHGKutQY",
                  "5FA8HQPMNmidk6X2h9dfZUEivwRt6ju4cgtpHPEcbB62veMW",
                  "5EXPTATZUFcAR9ao5qp9UVaYPoprDpQZFhuVpyibFhA3gmCY",
                  "5Hmn2MX8PEd7rBfmXywhAfMvr77FkVy94PyMGncWabDbFVJ7",
                  "5DUtBYagbSiwaVdgK54ka26dtdykVn5M71DduDdw64M659EW",
                ],
                "amount": "100",
                "assetId": "11BTICKER2",
                "from": "0xea4516967d37fa2e8d1e63e08ed358798518caa6a5dad8c7b236fe9446061dc3",
                "fromPortfolio": 0,
                "to": "0x0500000000000000000000000000000000000000000000000000000000000000",
                "toPortfolio": 0,
              },
              Object {
                "__typename": "Leg",
                "addresses": Array [
                  "5GrwvaEF5zXb26Fz9rcQpDWS57CtERHpNehXCPcNoHGKutQY",
                  "5FA8HQPMNmidk6X2h9dfZUEivwRt6ju4cgtpHPEcbB62veMW",
                  "5EXPTATZUFcAR9ao5qp9UVaYPoprDpQZFhuVpyibFhA3gmCY",
                  "5Hmn2MX8PEd7rBfmXywhAfMvr77FkVy94PyMGncWabDbFVJ7",
                  "5DUtBYagbSiwaVdgK54ka26dtdykVn5M71DduDdw64M659EW",
                ],
                "amount": "100",
                "assetId": "11BTICKER1",
                "from": "0x0500000000000000000000000000000000000000000000000000000000000000",
                "fromPortfolio": 0,
                "to": "0xea4516967d37fa2e8d1e63e08ed358798518caa6a5dad8c7b236fe9446061dc3",
                "toPortfolio": 0,
              },
              Object {
                "__typename": "Leg",
                "addresses": Array [
                  "5GrwvaEF5zXb26Fz9rcQpDWS57CtERHpNehXCPcNoHGKutQY",
                  "5FA8HQPMNmidk6X2h9dfZUEivwRt6ju4cgtpHPEcbB62veMW",
                  "5EXPTATZUFcAR9ao5qp9UVaYPoprDpQZFhuVpyibFhA3gmCY",
                  "5Hmn2MX8PEd7rBfmXywhAfMvr77FkVy94PyMGncWabDbFVJ7",
                  "5DUtBYagbSiwaVdgK54ka26dtdykVn5M71DduDdw64M659EW",
                ],
                "amount": "100",
                "assetId": "11BTICKER1",
                "from": "0x0500000000000000000000000000000000000000000000000000000000000000",
                "fromPortfolio": 0,
                "to": "0x40b9ecbf803281095439a8f6a74613e2f221b0a01ebec6ad2f109ed2ea895fbb",
                "toPortfolio": 0,
              },
              Object {
                "__typename": "Leg",
                "addresses": Array [
                  "5GrwvaEF5zXb26Fz9rcQpDWS57CtERHpNehXCPcNoHGKutQY",
                  "5FA8HQPMNmidk6X2h9dfZUEivwRt6ju4cgtpHPEcbB62veMW",
                  "5EXPTATZUFcAR9ao5qp9UVaYPoprDpQZFhuVpyibFhA3gmCY",
                  "5Hmn2MX8PEd7rBfmXywhAfMvr77FkVy94PyMGncWabDbFVJ7",
                  "5DUtBYagbSiwaVdgK54ka26dtdykVn5M71DduDdw64M659EW",
                ],
                "amount": "100",
                "assetId": "11BTICKER1",
                "from": "0x0500000000000000000000000000000000000000000000000000000000000000",
                "fromPortfolio": 0,
                "to": "0x08c278a1fda1c376118a5a018ed968b73093f43862e69fb70a43420e23dcd811",
                "toPortfolio": 0,
              },
              Object {
                "__typename": "Leg",
                "addresses": Array [
                  "5GrwvaEF5zXb26Fz9rcQpDWS57CtERHpNehXCPcNoHGKutQY",
                  "5FA8HQPMNmidk6X2h9dfZUEivwRt6ju4cgtpHPEcbB62veMW",
                  "5EXPTATZUFcAR9ao5qp9UVaYPoprDpQZFhuVpyibFhA3gmCY",
                  "5Hmn2MX8PEd7rBfmXywhAfMvr77FkVy94PyMGncWabDbFVJ7",
                  "5DUtBYagbSiwaVdgK54ka26dtdykVn5M71DduDdw64M659EW",
                ],
                "amount": "100",
                "assetId": "11BTICKER1",
                "from": "0x0500000000000000000000000000000000000000000000000000000000000000",
                "fromPortfolio": 0,
                "to": "0x5e356043d083040537b74f6d3516c045ca2f5635f2f1962e0a1ab0ce81806b60",
                "toPortfolio": 0,
              },
            ],
          },
          "status": "Executed",
        },
      },
    ],
  },
}
`;

exports[`instructions should return instructions where a particular DID is involved 1`] = `
Object {
  "legs": Object {
    "__typename": "LegsConnection",
    "nodes": Array [
      Object {
        "__typename": "Leg",
        "instruction": Object {
          "__typename": "Instruction",
          "createdBlockId": "227",
          "id": "1",
          "legs": Object {
            "__typename": "LegsConnection",
            "nodes": Array [
              Object {
                "__typename": "Leg",
                "addresses": Array [
                  "5GrwvaEF5zXb26Fz9rcQpDWS57CtERHpNehXCPcNoHGKutQY",
                  "5DcLNmYXCC8J1hLHJsbtPFNX7kSDx4YTbgGkNYcHUKdvbgU9",
                ],
                "amount": "100",
                "assetId": "11ATICKER",
                "from": "0x0500000000000000000000000000000000000000000000000000000000000000",
                "fromPortfolio": 0,
                "to": "0x0d0323fe51cc80a9666aee6103d4895be2babde33f0a58a7a7363eb53598f403",
                "toPortfolio": 0,
              },
            ],
          },
          "status": "Executed",
        },
      },
      Object {
        "__typename": "Leg",
        "instruction": Object {
          "__typename": "Instruction",
          "createdBlockId": "256",
          "id": "2",
          "legs": Object {
            "__typename": "LegsConnection",
            "nodes": Array [
              Object {
                "__typename": "Leg",
                "addresses": Array [
                  "5GrwvaEF5zXb26Fz9rcQpDWS57CtERHpNehXCPcNoHGKutQY",
                  "5FA8HQPMNmidk6X2h9dfZUEivwRt6ju4cgtpHPEcbB62veMW",
                  "5EXPTATZUFcAR9ao5qp9UVaYPoprDpQZFhuVpyibFhA3gmCY",
                  "5Hmn2MX8PEd7rBfmXywhAfMvr77FkVy94PyMGncWabDbFVJ7",
                  "5DUtBYagbSiwaVdgK54ka26dtdykVn5M71DduDdw64M659EW",
                ],
                "amount": "100",
                "assetId": "11BTICKER2",
                "from": "0xea4516967d37fa2e8d1e63e08ed358798518caa6a5dad8c7b236fe9446061dc3",
                "fromPortfolio": 0,
                "to": "0x0500000000000000000000000000000000000000000000000000000000000000",
                "toPortfolio": 0,
              },
              Object {
                "__typename": "Leg",
                "addresses": Array [
                  "5GrwvaEF5zXb26Fz9rcQpDWS57CtERHpNehXCPcNoHGKutQY",
                  "5FA8HQPMNmidk6X2h9dfZUEivwRt6ju4cgtpHPEcbB62veMW",
                  "5EXPTATZUFcAR9ao5qp9UVaYPoprDpQZFhuVpyibFhA3gmCY",
                  "5Hmn2MX8PEd7rBfmXywhAfMvr77FkVy94PyMGncWabDbFVJ7",
                  "5DUtBYagbSiwaVdgK54ka26dtdykVn5M71DduDdw64M659EW",
                ],
                "amount": "100",
                "assetId": "11BTICKER1",
                "from": "0x0500000000000000000000000000000000000000000000000000000000000000",
                "fromPortfolio": 0,
                "to": "0xea4516967d37fa2e8d1e63e08ed358798518caa6a5dad8c7b236fe9446061dc3",
                "toPortfolio": 0,
              },
              Object {
                "__typename": "Leg",
                "addresses": Array [
                  "5GrwvaEF5zXb26Fz9rcQpDWS57CtERHpNehXCPcNoHGKutQY",
                  "5FA8HQPMNmidk6X2h9dfZUEivwRt6ju4cgtpHPEcbB62veMW",
                  "5EXPTATZUFcAR9ao5qp9UVaYPoprDpQZFhuVpyibFhA3gmCY",
                  "5Hmn2MX8PEd7rBfmXywhAfMvr77FkVy94PyMGncWabDbFVJ7",
                  "5DUtBYagbSiwaVdgK54ka26dtdykVn5M71DduDdw64M659EW",
                ],
                "amount": "100",
                "assetId": "11BTICKER1",
                "from": "0x0500000000000000000000000000000000000000000000000000000000000000",
                "fromPortfolio": 0,
                "to": "0x40b9ecbf803281095439a8f6a74613e2f221b0a01ebec6ad2f109ed2ea895fbb",
                "toPortfolio": 0,
              },
              Object {
                "__typename": "Leg",
                "addresses": Array [
                  "5GrwvaEF5zXb26Fz9rcQpDWS57CtERHpNehXCPcNoHGKutQY",
                  "5FA8HQPMNmidk6X2h9dfZUEivwRt6ju4cgtpHPEcbB62veMW",
                  "5EXPTATZUFcAR9ao5qp9UVaYPoprDpQZFhuVpyibFhA3gmCY",
                  "5Hmn2MX8PEd7rBfmXywhAfMvr77FkVy94PyMGncWabDbFVJ7",
                  "5DUtBYagbSiwaVdgK54ka26dtdykVn5M71DduDdw64M659EW",
                ],
                "amount": "100",
                "assetId": "11BTICKER1",
                "from": "0x0500000000000000000000000000000000000000000000000000000000000000",
                "fromPortfolio": 0,
                "to": "0x08c278a1fda1c376118a5a018ed968b73093f43862e69fb70a43420e23dcd811",
                "toPortfolio": 0,
              },
              Object {
                "__typename": "Leg",
                "addresses": Array [
                  "5GrwvaEF5zXb26Fz9rcQpDWS57CtERHpNehXCPcNoHGKutQY",
                  "5FA8HQPMNmidk6X2h9dfZUEivwRt6ju4cgtpHPEcbB62veMW",
                  "5EXPTATZUFcAR9ao5qp9UVaYPoprDpQZFhuVpyibFhA3gmCY",
                  "5Hmn2MX8PEd7rBfmXywhAfMvr77FkVy94PyMGncWabDbFVJ7",
                  "5DUtBYagbSiwaVdgK54ka26dtdykVn5M71DduDdw64M659EW",
                ],
                "amount": "100",
                "assetId": "11BTICKER1",
                "from": "0x0500000000000000000000000000000000000000000000000000000000000000",
                "fromPortfolio": 0,
                "to": "0x5e356043d083040537b74f6d3516c045ca2f5635f2f1962e0a1ab0ce81806b60",
                "toPortfolio": 0,
              },
            ],
          },
          "status": "Executed",
        },
      },
      Object {
        "__typename": "Leg",
        "instruction": Object {
          "__typename": "Instruction",
          "createdBlockId": "256",
          "id": "2",
          "legs": Object {
            "__typename": "LegsConnection",
            "nodes": Array [
              Object {
                "__typename": "Leg",
                "addresses": Array [
                  "5GrwvaEF5zXb26Fz9rcQpDWS57CtERHpNehXCPcNoHGKutQY",
                  "5FA8HQPMNmidk6X2h9dfZUEivwRt6ju4cgtpHPEcbB62veMW",
                  "5EXPTATZUFcAR9ao5qp9UVaYPoprDpQZFhuVpyibFhA3gmCY",
                  "5Hmn2MX8PEd7rBfmXywhAfMvr77FkVy94PyMGncWabDbFVJ7",
                  "5DUtBYagbSiwaVdgK54ka26dtdykVn5M71DduDdw64M659EW",
                ],
                "amount": "100",
                "assetId": "11BTICKER2",
                "from": "0xea4516967d37fa2e8d1e63e08ed358798518caa6a5dad8c7b236fe9446061dc3",
                "fromPortfolio": 0,
                "to": "0x0500000000000000000000000000000000000000000000000000000000000000",
                "toPortfolio": 0,
              },
              Object {
                "__typename": "Leg",
                "addresses": Array [
                  "5GrwvaEF5zXb26Fz9rcQpDWS57CtERHpNehXCPcNoHGKutQY",
                  "5FA8HQPMNmidk6X2h9dfZUEivwRt6ju4cgtpHPEcbB62veMW",
                  "5EXPTATZUFcAR9ao5qp9UVaYPoprDpQZFhuVpyibFhA3gmCY",
                  "5Hmn2MX8PEd7rBfmXywhAfMvr77FkVy94PyMGncWabDbFVJ7",
                  "5DUtBYagbSiwaVdgK54ka26dtdykVn5M71DduDdw64M659EW",
                ],
                "amount": "100",
                "assetId": "11BTICKER1",
                "from": "0x0500000000000000000000000000000000000000000000000000000000000000",
                "fromPortfolio": 0,
                "to": "0xea4516967d37fa2e8d1e63e08ed358798518caa6a5dad8c7b236fe9446061dc3",
                "toPortfolio": 0,
              },
              Object {
                "__typename": "Leg",
                "addresses": Array [
                  "5GrwvaEF5zXb26Fz9rcQpDWS57CtERHpNehXCPcNoHGKutQY",
                  "5FA8HQPMNmidk6X2h9dfZUEivwRt6ju4cgtpHPEcbB62veMW",
                  "5EXPTATZUFcAR9ao5qp9UVaYPoprDpQZFhuVpyibFhA3gmCY",
                  "5Hmn2MX8PEd7rBfmXywhAfMvr77FkVy94PyMGncWabDbFVJ7",
                  "5DUtBYagbSiwaVdgK54ka26dtdykVn5M71DduDdw64M659EW",
                ],
                "amount": "100",
                "assetId": "11BTICKER1",
                "from": "0x0500000000000000000000000000000000000000000000000000000000000000",
                "fromPortfolio": 0,
                "to": "0x40b9ecbf803281095439a8f6a74613e2f221b0a01ebec6ad2f109ed2ea895fbb",
                "toPortfolio": 0,
              },
              Object {
                "__typename": "Leg",
                "addresses": Array [
                  "5GrwvaEF5zXb26Fz9rcQpDWS57CtERHpNehXCPcNoHGKutQY",
                  "5FA8HQPMNmidk6X2h9dfZUEivwRt6ju4cgtpHPEcbB62veMW",
                  "5EXPTATZUFcAR9ao5qp9UVaYPoprDpQZFhuVpyibFhA3gmCY",
                  "5Hmn2MX8PEd7rBfmXywhAfMvr77FkVy94PyMGncWabDbFVJ7",
                  "5DUtBYagbSiwaVdgK54ka26dtdykVn5M71DduDdw64M659EW",
                ],
                "amount": "100",
                "assetId": "11BTICKER1",
                "from": "0x0500000000000000000000000000000000000000000000000000000000000000",
                "fromPortfolio": 0,
                "to": "0x08c278a1fda1c376118a5a018ed968b73093f43862e69fb70a43420e23dcd811",
                "toPortfolio": 0,
              },
              Object {
                "__typename": "Leg",
                "addresses": Array [
                  "5GrwvaEF5zXb26Fz9rcQpDWS57CtERHpNehXCPcNoHGKutQY",
                  "5FA8HQPMNmidk6X2h9dfZUEivwRt6ju4cgtpHPEcbB62veMW",
                  "5EXPTATZUFcAR9ao5qp9UVaYPoprDpQZFhuVpyibFhA3gmCY",
                  "5Hmn2MX8PEd7rBfmXywhAfMvr77FkVy94PyMGncWabDbFVJ7",
                  "5DUtBYagbSiwaVdgK54ka26dtdykVn5M71DduDdw64M659EW",
                ],
                "amount": "100",
                "assetId": "11BTICKER1",
                "from": "0x0500000000000000000000000000000000000000000000000000000000000000",
                "fromPortfolio": 0,
                "to": "0x5e356043d083040537b74f6d3516c045ca2f5635f2f1962e0a1ab0ce81806b60",
                "toPortfolio": 0,
              },
            ],
          },
          "status": "Executed",
        },
      },
      Object {
        "__typename": "Leg",
        "instruction": Object {
          "__typename": "Instruction",
          "createdBlockId": "256",
          "id": "2",
          "legs": Object {
            "__typename": "LegsConnection",
            "nodes": Array [
              Object {
                "__typename": "Leg",
                "addresses": Array [
                  "5GrwvaEF5zXb26Fz9rcQpDWS57CtERHpNehXCPcNoHGKutQY",
                  "5FA8HQPMNmidk6X2h9dfZUEivwRt6ju4cgtpHPEcbB62veMW",
                  "5EXPTATZUFcAR9ao5qp9UVaYPoprDpQZFhuVpyibFhA3gmCY",
                  "5Hmn2MX8PEd7rBfmXywhAfMvr77FkVy94PyMGncWabDbFVJ7",
                  "5DUtBYagbSiwaVdgK54ka26dtdykVn5M71DduDdw64M659EW",
                ],
                "amount": "100",
                "assetId": "11BTICKER2",
                "from": "0xea4516967d37fa2e8d1e63e08ed358798518caa6a5dad8c7b236fe9446061dc3",
                "fromPortfolio": 0,
                "to": "0x0500000000000000000000000000000000000000000000000000000000000000",
                "toPortfolio": 0,
              },
              Object {
                "__typename": "Leg",
                "addresses": Array [
                  "5GrwvaEF5zXb26Fz9rcQpDWS57CtERHpNehXCPcNoHGKutQY",
                  "5FA8HQPMNmidk6X2h9dfZUEivwRt6ju4cgtpHPEcbB62veMW",
                  "5EXPTATZUFcAR9ao5qp9UVaYPoprDpQZFhuVpyibFhA3gmCY",
                  "5Hmn2MX8PEd7rBfmXywhAfMvr77FkVy94PyMGncWabDbFVJ7",
                  "5DUtBYagbSiwaVdgK54ka26dtdykVn5M71DduDdw64M659EW",
                ],
                "amount": "100",
                "assetId": "11BTICKER1",
                "from": "0x0500000000000000000000000000000000000000000000000000000000000000",
                "fromPortfolio": 0,
                "to": "0xea4516967d37fa2e8d1e63e08ed358798518caa6a5dad8c7b236fe9446061dc3",
                "toPortfolio": 0,
              },
              Object {
                "__typename": "Leg",
                "addresses": Array [
                  "5GrwvaEF5zXb26Fz9rcQpDWS57CtERHpNehXCPcNoHGKutQY",
                  "5FA8HQPMNmidk6X2h9dfZUEivwRt6ju4cgtpHPEcbB62veMW",
                  "5EXPTATZUFcAR9ao5qp9UVaYPoprDpQZFhuVpyibFhA3gmCY",
                  "5Hmn2MX8PEd7rBfmXywhAfMvr77FkVy94PyMGncWabDbFVJ7",
                  "5DUtBYagbSiwaVdgK54ka26dtdykVn5M71DduDdw64M659EW",
                ],
                "amount": "100",
                "assetId": "11BTICKER1",
                "from": "0x0500000000000000000000000000000000000000000000000000000000000000",
                "fromPortfolio": 0,
                "to": "0x40b9ecbf803281095439a8f6a74613e2f221b0a01ebec6ad2f109ed2ea895fbb",
                "toPortfolio": 0,
              },
              Object {
                "__typename": "Leg",
                "addresses": Array [
                  "5GrwvaEF5zXb26Fz9rcQpDWS57CtERHpNehXCPcNoHGKutQY",
                  "5FA8HQPMNmidk6X2h9dfZUEivwRt6ju4cgtpHPEcbB62veMW",
                  "5EXPTATZUFcAR9ao5qp9UVaYPoprDpQZFhuVpyibFhA3gmCY",
                  "5Hmn2MX8PEd7rBfmXywhAfMvr77FkVy94PyMGncWabDbFVJ7",
                  "5DUtBYagbSiwaVdgK54ka26dtdykVn5M71DduDdw64M659EW",
                ],
                "amount": "100",
                "assetId": "11BTICKER1",
                "from": "0x0500000000000000000000000000000000000000000000000000000000000000",
                "fromPortfolio": 0,
                "to": "0x08c278a1fda1c376118a5a018ed968b73093f43862e69fb70a43420e23dcd811",
                "toPortfolio": 0,
              },
              Object {
                "__typename": "Leg",
                "addresses": Array [
                  "5GrwvaEF5zXb26Fz9rcQpDWS57CtERHpNehXCPcNoHGKutQY",
                  "5FA8HQPMNmidk6X2h9dfZUEivwRt6ju4cgtpHPEcbB62veMW",
                  "5EXPTATZUFcAR9ao5qp9UVaYPoprDpQZFhuVpyibFhA3gmCY",
                  "5Hmn2MX8PEd7rBfmXywhAfMvr77FkVy94PyMGncWabDbFVJ7",
                  "5DUtBYagbSiwaVdgK54ka26dtdykVn5M71DduDdw64M659EW",
                ],
                "amount": "100",
                "assetId": "11BTICKER1",
                "from": "0x0500000000000000000000000000000000000000000000000000000000000000",
                "fromPortfolio": 0,
                "to": "0x5e356043d083040537b74f6d3516c045ca2f5635f2f1962e0a1ab0ce81806b60",
                "toPortfolio": 0,
              },
            ],
          },
          "status": "Executed",
        },
      },
      Object {
        "__typename": "Leg",
        "instruction": Object {
          "__typename": "Instruction",
          "createdBlockId": "256",
          "id": "2",
          "legs": Object {
            "__typename": "LegsConnection",
            "nodes": Array [
              Object {
                "__typename": "Leg",
                "addresses": Array [
                  "5GrwvaEF5zXb26Fz9rcQpDWS57CtERHpNehXCPcNoHGKutQY",
                  "5FA8HQPMNmidk6X2h9dfZUEivwRt6ju4cgtpHPEcbB62veMW",
                  "5EXPTATZUFcAR9ao5qp9UVaYPoprDpQZFhuVpyibFhA3gmCY",
                  "5Hmn2MX8PEd7rBfmXywhAfMvr77FkVy94PyMGncWabDbFVJ7",
                  "5DUtBYagbSiwaVdgK54ka26dtdykVn5M71DduDdw64M659EW",
                ],
                "amount": "100",
                "assetId": "11BTICKER2",
                "from": "0xea4516967d37fa2e8d1e63e08ed358798518caa6a5dad8c7b236fe9446061dc3",
                "fromPortfolio": 0,
                "to": "0x0500000000000000000000000000000000000000000000000000000000000000",
                "toPortfolio": 0,
              },
              Object {
                "__typename": "Leg",
                "addresses": Array [
                  "5GrwvaEF5zXb26Fz9rcQpDWS57CtERHpNehXCPcNoHGKutQY",
                  "5FA8HQPMNmidk6X2h9dfZUEivwRt6ju4cgtpHPEcbB62veMW",
                  "5EXPTATZUFcAR9ao5qp9UVaYPoprDpQZFhuVpyibFhA3gmCY",
                  "5Hmn2MX8PEd7rBfmXywhAfMvr77FkVy94PyMGncWabDbFVJ7",
                  "5DUtBYagbSiwaVdgK54ka26dtdykVn5M71DduDdw64M659EW",
                ],
                "amount": "100",
                "assetId": "11BTICKER1",
                "from": "0x0500000000000000000000000000000000000000000000000000000000000000",
                "fromPortfolio": 0,
                "to": "0xea4516967d37fa2e8d1e63e08ed358798518caa6a5dad8c7b236fe9446061dc3",
                "toPortfolio": 0,
              },
              Object {
                "__typename": "Leg",
                "addresses": Array [
                  "5GrwvaEF5zXb26Fz9rcQpDWS57CtERHpNehXCPcNoHGKutQY",
                  "5FA8HQPMNmidk6X2h9dfZUEivwRt6ju4cgtpHPEcbB62veMW",
                  "5EXPTATZUFcAR9ao5qp9UVaYPoprDpQZFhuVpyibFhA3gmCY",
                  "5Hmn2MX8PEd7rBfmXywhAfMvr77FkVy94PyMGncWabDbFVJ7",
                  "5DUtBYagbSiwaVdgK54ka26dtdykVn5M71DduDdw64M659EW",
                ],
                "amount": "100",
                "assetId": "11BTICKER1",
                "from": "0x0500000000000000000000000000000000000000000000000000000000000000",
                "fromPortfolio": 0,
                "to": "0x40b9ecbf803281095439a8f6a74613e2f221b0a01ebec6ad2f109ed2ea895fbb",
                "toPortfolio": 0,
              },
              Object {
                "__typename": "Leg",
                "addresses": Array [
                  "5GrwvaEF5zXb26Fz9rcQpDWS57CtERHpNehXCPcNoHGKutQY",
                  "5FA8HQPMNmidk6X2h9dfZUEivwRt6ju4cgtpHPEcbB62veMW",
                  "5EXPTATZUFcAR9ao5qp9UVaYPoprDpQZFhuVpyibFhA3gmCY",
                  "5Hmn2MX8PEd7rBfmXywhAfMvr77FkVy94PyMGncWabDbFVJ7",
                  "5DUtBYagbSiwaVdgK54ka26dtdykVn5M71DduDdw64M659EW",
                ],
                "amount": "100",
                "assetId": "11BTICKER1",
                "from": "0x0500000000000000000000000000000000000000000000000000000000000000",
                "fromPortfolio": 0,
                "to": "0x08c278a1fda1c376118a5a018ed968b73093f43862e69fb70a43420e23dcd811",
                "toPortfolio": 0,
              },
              Object {
                "__typename": "Leg",
                "addresses": Array [
                  "5GrwvaEF5zXb26Fz9rcQpDWS57CtERHpNehXCPcNoHGKutQY",
                  "5FA8HQPMNmidk6X2h9dfZUEivwRt6ju4cgtpHPEcbB62veMW",
                  "5EXPTATZUFcAR9ao5qp9UVaYPoprDpQZFhuVpyibFhA3gmCY",
                  "5Hmn2MX8PEd7rBfmXywhAfMvr77FkVy94PyMGncWabDbFVJ7",
                  "5DUtBYagbSiwaVdgK54ka26dtdykVn5M71DduDdw64M659EW",
                ],
                "amount": "100",
                "assetId": "11BTICKER1",
                "from": "0x0500000000000000000000000000000000000000000000000000000000000000",
                "fromPortfolio": 0,
                "to": "0x5e356043d083040537b74f6d3516c045ca2f5635f2f1962e0a1ab0ce81806b60",
                "toPortfolio": 0,
              },
            ],
          },
          "status": "Executed",
        },
      },
      Object {
        "__typename": "Leg",
        "instruction": Object {
          "__typename": "Instruction",
          "createdBlockId": "291",
          "id": "3",
          "legs": Object {
            "__typename": "LegsConnection",
            "nodes": Array [
              Object {
                "__typename": "Leg",
                "addresses": Array [
                  "5GrwvaEF5zXb26Fz9rcQpDWS57CtERHpNehXCPcNoHGKutQY",
                  "5FcXLkN8fkcr65qg8ZJpjZ4Aeqk8HBvXKdDmSK2zUwB4EJsc",
                ],
                "amount": "1000",
                "assetId": "12TICKER",
                "from": "0x0500000000000000000000000000000000000000000000000000000000000000",
                "fromPortfolio": 0,
                "to": "0xbd8b5c568e457823d3d3f18d2d1cc1ed79a086124760e9df41a4c66e96de9b42",
                "toPortfolio": 0,
              },
            ],
          },
          "status": "Executed",
        },
      },
      Object {
        "__typename": "Leg",
        "instruction": Object {
          "__typename": "Instruction",
          "createdBlockId": "321",
          "id": "4",
          "legs": Object {
            "__typename": "LegsConnection",
            "nodes": Array [
              Object {
                "__typename": "Leg",
                "addresses": Array [
                  "5GrwvaEF5zXb26Fz9rcQpDWS57CtERHpNehXCPcNoHGKutQY",
                  "5Ev8nm5CBFm3FRvjso95EbCmVM44WRcZRyH4jgXv6CpLvxTa",
                ],
                "amount": "100000000",
                "assetId": "13TICKER",
                "from": "0x0500000000000000000000000000000000000000000000000000000000000000",
                "fromPortfolio": 0,
                "to": "0x89100903bc302c7b57438722751818bb147505d00c11b673724083de17cef001",
                "toPortfolio": 0,
              },
            ],
          },
          "status": "Executed",
        },
      },
      Object {
        "__typename": "Leg",
        "instruction": Object {
          "__typename": "Instruction",
          "createdBlockId": "353",
          "id": "6",
          "legs": Object {
            "__typename": "LegsConnection",
            "nodes": Array [
              Object {
                "__typename": "Leg",
                "addresses": Array [
                  "5CaWrWYw133scCHRLGBkQv9ssdFFnanPSZhQHmo8ARMeK79Z",
                ],
                "amount": "30000",
                "assetId": "14TICKER",
                "from": "0x0500000000000000000000000000000000000000000000000000000000000000",
                "fromPortfolio": 0,
                "to": "0x73169195239ea1e63d5eb7042d234f62c647d09985d6e8413e3021c9a4826af8",
                "toPortfolio": 0,
              },
              Object {
                "__typename": "Leg",
                "addresses": Array [
                  "5CaWrWYw133scCHRLGBkQv9ssdFFnanPSZhQHmo8ARMeK79Z",
                ],
                "amount": "1200",
                "assetId": "14TICKERRAIS",
                "from": "0x73169195239ea1e63d5eb7042d234f62c647d09985d6e8413e3021c9a4826af8",
                "fromPortfolio": 0,
                "to": "0x0500000000000000000000000000000000000000000000000000000000000000",
                "toPortfolio": 0,
              },
            ],
          },
          "status": "Executed",
        },
      },
      Object {
        "__typename": "Leg",
        "instruction": Object {
          "__typename": "Instruction",
          "createdBlockId": "354",
          "id": "7",
          "legs": Object {
            "__typename": "LegsConnection",
            "nodes": Array [
              Object {
                "__typename": "Leg",
                "addresses": Array [
                  "5GqANhefumSBPko8oLdKAH8No6Wk7iN4kzgesvqxyQMupfSu",
                ],
                "amount": "10000",
                "assetId": "14TICKER",
                "from": "0x0500000000000000000000000000000000000000000000000000000000000000",
                "fromPortfolio": 0,
                "to": "0x0d99491631d116d39ee41bbfeee6241bf1d9d4d243697b730768a3c05bf71183",
                "toPortfolio": 0,
              },
              Object {
                "__typename": "Leg",
                "addresses": Array [
                  "5GqANhefumSBPko8oLdKAH8No6Wk7iN4kzgesvqxyQMupfSu",
                ],
                "amount": "400",
                "assetId": "14TICKERRAIS",
                "from": "0x0d99491631d116d39ee41bbfeee6241bf1d9d4d243697b730768a3c05bf71183",
                "fromPortfolio": 0,
                "to": "0x0500000000000000000000000000000000000000000000000000000000000000",
                "toPortfolio": 0,
              },
            ],
          },
          "status": "Executed",
        },
      },
    ],
  },
}
`;

exports[`instructions should return the instructions with address filter 1`] = `
Object {
  "legs": Object {
    "__typename": "LegsConnection",
    "nodes": Array [
      Object {
        "__typename": "Leg",
        "instruction": Object {
          "__typename": "Instruction",
          "createdBlockId": "227",
          "id": "1",
          "legs": Object {
            "__typename": "LegsConnection",
            "nodes": Array [
              Object {
                "__typename": "Leg",
                "addresses": Array [
                  "5GrwvaEF5zXb26Fz9rcQpDWS57CtERHpNehXCPcNoHGKutQY",
                  "5DcLNmYXCC8J1hLHJsbtPFNX7kSDx4YTbgGkNYcHUKdvbgU9",
                ],
                "amount": "100",
                "assetId": "11ATICKER",
                "from": "0x0500000000000000000000000000000000000000000000000000000000000000",
                "fromPortfolio": 0,
                "to": "0x0d0323fe51cc80a9666aee6103d4895be2babde33f0a58a7a7363eb53598f403",
                "toPortfolio": 0,
              },
            ],
          },
          "status": "Executed",
        },
      },
      Object {
        "__typename": "Leg",
        "instruction": Object {
          "__typename": "Instruction",
          "createdBlockId": "256",
          "id": "2",
          "legs": Object {
            "__typename": "LegsConnection",
            "nodes": Array [
              Object {
                "__typename": "Leg",
                "addresses": Array [
                  "5GrwvaEF5zXb26Fz9rcQpDWS57CtERHpNehXCPcNoHGKutQY",
                  "5FA8HQPMNmidk6X2h9dfZUEivwRt6ju4cgtpHPEcbB62veMW",
                  "5EXPTATZUFcAR9ao5qp9UVaYPoprDpQZFhuVpyibFhA3gmCY",
                  "5Hmn2MX8PEd7rBfmXywhAfMvr77FkVy94PyMGncWabDbFVJ7",
                  "5DUtBYagbSiwaVdgK54ka26dtdykVn5M71DduDdw64M659EW",
                ],
                "amount": "100",
                "assetId": "11BTICKER2",
                "from": "0xea4516967d37fa2e8d1e63e08ed358798518caa6a5dad8c7b236fe9446061dc3",
                "fromPortfolio": 0,
                "to": "0x0500000000000000000000000000000000000000000000000000000000000000",
                "toPortfolio": 0,
              },
              Object {
                "__typename": "Leg",
                "addresses": Array [
                  "5GrwvaEF5zXb26Fz9rcQpDWS57CtERHpNehXCPcNoHGKutQY",
                  "5FA8HQPMNmidk6X2h9dfZUEivwRt6ju4cgtpHPEcbB62veMW",
                  "5EXPTATZUFcAR9ao5qp9UVaYPoprDpQZFhuVpyibFhA3gmCY",
                  "5Hmn2MX8PEd7rBfmXywhAfMvr77FkVy94PyMGncWabDbFVJ7",
                  "5DUtBYagbSiwaVdgK54ka26dtdykVn5M71DduDdw64M659EW",
                ],
                "amount": "100",
                "assetId": "11BTICKER1",
                "from": "0x0500000000000000000000000000000000000000000000000000000000000000",
                "fromPortfolio": 0,
                "to": "0x08c278a1fda1c376118a5a018ed968b73093f43862e69fb70a43420e23dcd811",
                "toPortfolio": 0,
              },
              Object {
                "__typename": "Leg",
                "addresses": Array [
                  "5GrwvaEF5zXb26Fz9rcQpDWS57CtERHpNehXCPcNoHGKutQY",
                  "5FA8HQPMNmidk6X2h9dfZUEivwRt6ju4cgtpHPEcbB62veMW",
                  "5EXPTATZUFcAR9ao5qp9UVaYPoprDpQZFhuVpyibFhA3gmCY",
                  "5Hmn2MX8PEd7rBfmXywhAfMvr77FkVy94PyMGncWabDbFVJ7",
                  "5DUtBYagbSiwaVdgK54ka26dtdykVn5M71DduDdw64M659EW",
                ],
                "amount": "100",
                "assetId": "11BTICKER1",
                "from": "0x0500000000000000000000000000000000000000000000000000000000000000",
                "fromPortfolio": 0,
                "to": "0xea4516967d37fa2e8d1e63e08ed358798518caa6a5dad8c7b236fe9446061dc3",
                "toPortfolio": 0,
              },
              Object {
                "__typename": "Leg",
                "addresses": Array [
                  "5GrwvaEF5zXb26Fz9rcQpDWS57CtERHpNehXCPcNoHGKutQY",
                  "5FA8HQPMNmidk6X2h9dfZUEivwRt6ju4cgtpHPEcbB62veMW",
                  "5EXPTATZUFcAR9ao5qp9UVaYPoprDpQZFhuVpyibFhA3gmCY",
                  "5Hmn2MX8PEd7rBfmXywhAfMvr77FkVy94PyMGncWabDbFVJ7",
                  "5DUtBYagbSiwaVdgK54ka26dtdykVn5M71DduDdw64M659EW",
                ],
                "amount": "100",
                "assetId": "11BTICKER1",
                "from": "0x0500000000000000000000000000000000000000000000000000000000000000",
                "fromPortfolio": 0,
                "to": "0x5e356043d083040537b74f6d3516c045ca2f5635f2f1962e0a1ab0ce81806b60",
                "toPortfolio": 0,
              },
              Object {
                "__typename": "Leg",
                "addresses": Array [
                  "5GrwvaEF5zXb26Fz9rcQpDWS57CtERHpNehXCPcNoHGKutQY",
                  "5FA8HQPMNmidk6X2h9dfZUEivwRt6ju4cgtpHPEcbB62veMW",
                  "5EXPTATZUFcAR9ao5qp9UVaYPoprDpQZFhuVpyibFhA3gmCY",
                  "5Hmn2MX8PEd7rBfmXywhAfMvr77FkVy94PyMGncWabDbFVJ7",
                  "5DUtBYagbSiwaVdgK54ka26dtdykVn5M71DduDdw64M659EW",
                ],
                "amount": "100",
                "assetId": "11BTICKER1",
                "from": "0x0500000000000000000000000000000000000000000000000000000000000000",
                "fromPortfolio": 0,
                "to": "0x40b9ecbf803281095439a8f6a74613e2f221b0a01ebec6ad2f109ed2ea895fbb",
                "toPortfolio": 0,
              },
            ],
          },
          "status": "Executed",
        },
      },
      Object {
        "__typename": "Leg",
        "instruction": Object {
          "__typename": "Instruction",
          "createdBlockId": "256",
          "id": "2",
          "legs": Object {
            "__typename": "LegsConnection",
            "nodes": Array [
              Object {
                "__typename": "Leg",
                "addresses": Array [
                  "5GrwvaEF5zXb26Fz9rcQpDWS57CtERHpNehXCPcNoHGKutQY",
                  "5FA8HQPMNmidk6X2h9dfZUEivwRt6ju4cgtpHPEcbB62veMW",
                  "5EXPTATZUFcAR9ao5qp9UVaYPoprDpQZFhuVpyibFhA3gmCY",
                  "5Hmn2MX8PEd7rBfmXywhAfMvr77FkVy94PyMGncWabDbFVJ7",
                  "5DUtBYagbSiwaVdgK54ka26dtdykVn5M71DduDdw64M659EW",
                ],
                "amount": "100",
                "assetId": "11BTICKER2",
                "from": "0xea4516967d37fa2e8d1e63e08ed358798518caa6a5dad8c7b236fe9446061dc3",
                "fromPortfolio": 0,
                "to": "0x0500000000000000000000000000000000000000000000000000000000000000",
                "toPortfolio": 0,
              },
              Object {
                "__typename": "Leg",
                "addresses": Array [
                  "5GrwvaEF5zXb26Fz9rcQpDWS57CtERHpNehXCPcNoHGKutQY",
                  "5FA8HQPMNmidk6X2h9dfZUEivwRt6ju4cgtpHPEcbB62veMW",
                  "5EXPTATZUFcAR9ao5qp9UVaYPoprDpQZFhuVpyibFhA3gmCY",
                  "5Hmn2MX8PEd7rBfmXywhAfMvr77FkVy94PyMGncWabDbFVJ7",
                  "5DUtBYagbSiwaVdgK54ka26dtdykVn5M71DduDdw64M659EW",
                ],
                "amount": "100",
                "assetId": "11BTICKER1",
                "from": "0x0500000000000000000000000000000000000000000000000000000000000000",
                "fromPortfolio": 0,
                "to": "0x08c278a1fda1c376118a5a018ed968b73093f43862e69fb70a43420e23dcd811",
                "toPortfolio": 0,
              },
              Object {
                "__typename": "Leg",
                "addresses": Array [
                  "5GrwvaEF5zXb26Fz9rcQpDWS57CtERHpNehXCPcNoHGKutQY",
                  "5FA8HQPMNmidk6X2h9dfZUEivwRt6ju4cgtpHPEcbB62veMW",
                  "5EXPTATZUFcAR9ao5qp9UVaYPoprDpQZFhuVpyibFhA3gmCY",
                  "5Hmn2MX8PEd7rBfmXywhAfMvr77FkVy94PyMGncWabDbFVJ7",
                  "5DUtBYagbSiwaVdgK54ka26dtdykVn5M71DduDdw64M659EW",
                ],
                "amount": "100",
                "assetId": "11BTICKER1",
                "from": "0x0500000000000000000000000000000000000000000000000000000000000000",
                "fromPortfolio": 0,
                "to": "0xea4516967d37fa2e8d1e63e08ed358798518caa6a5dad8c7b236fe9446061dc3",
                "toPortfolio": 0,
              },
              Object {
                "__typename": "Leg",
                "addresses": Array [
                  "5GrwvaEF5zXb26Fz9rcQpDWS57CtERHpNehXCPcNoHGKutQY",
                  "5FA8HQPMNmidk6X2h9dfZUEivwRt6ju4cgtpHPEcbB62veMW",
                  "5EXPTATZUFcAR9ao5qp9UVaYPoprDpQZFhuVpyibFhA3gmCY",
                  "5Hmn2MX8PEd7rBfmXywhAfMvr77FkVy94PyMGncWabDbFVJ7",
                  "5DUtBYagbSiwaVdgK54ka26dtdykVn5M71DduDdw64M659EW",
                ],
                "amount": "100",
                "assetId": "11BTICKER1",
                "from": "0x0500000000000000000000000000000000000000000000000000000000000000",
                "fromPortfolio": 0,
                "to": "0x5e356043d083040537b74f6d3516c045ca2f5635f2f1962e0a1ab0ce81806b60",
                "toPortfolio": 0,
              },
              Object {
                "__typename": "Leg",
                "addresses": Array [
                  "5GrwvaEF5zXb26Fz9rcQpDWS57CtERHpNehXCPcNoHGKutQY",
                  "5FA8HQPMNmidk6X2h9dfZUEivwRt6ju4cgtpHPEcbB62veMW",
                  "5EXPTATZUFcAR9ao5qp9UVaYPoprDpQZFhuVpyibFhA3gmCY",
                  "5Hmn2MX8PEd7rBfmXywhAfMvr77FkVy94PyMGncWabDbFVJ7",
                  "5DUtBYagbSiwaVdgK54ka26dtdykVn5M71DduDdw64M659EW",
                ],
                "amount": "100",
                "assetId": "11BTICKER1",
                "from": "0x0500000000000000000000000000000000000000000000000000000000000000",
                "fromPortfolio": 0,
                "to": "0x40b9ecbf803281095439a8f6a74613e2f221b0a01ebec6ad2f109ed2ea895fbb",
                "toPortfolio": 0,
              },
            ],
          },
          "status": "Executed",
        },
      },
      Object {
        "__typename": "Leg",
        "instruction": Object {
          "__typename": "Instruction",
          "createdBlockId": "321",
          "id": "4",
          "legs": Object {
            "__typename": "LegsConnection",
            "nodes": Array [
              Object {
                "__typename": "Leg",
                "addresses": Array [
                  "5GrwvaEF5zXb26Fz9rcQpDWS57CtERHpNehXCPcNoHGKutQY",
                  "5Ev8nm5CBFm3FRvjso95EbCmVM44WRcZRyH4jgXv6CpLvxTa",
                ],
                "amount": "100000000",
                "assetId": "13TICKER",
                "from": "0x0500000000000000000000000000000000000000000000000000000000000000",
                "fromPortfolio": 0,
                "to": "0x89100903bc302c7b57438722751818bb147505d00c11b673724083de17cef001",
                "toPortfolio": 0,
              },
            ],
          },
          "status": "Executed",
        },
      },
      Object {
        "__typename": "Leg",
        "instruction": Object {
          "__typename": "Instruction",
          "createdBlockId": "291",
          "id": "3",
          "legs": Object {
            "__typename": "LegsConnection",
            "nodes": Array [
              Object {
                "__typename": "Leg",
                "addresses": Array [
                  "5GrwvaEF5zXb26Fz9rcQpDWS57CtERHpNehXCPcNoHGKutQY",
                  "5FcXLkN8fkcr65qg8ZJpjZ4Aeqk8HBvXKdDmSK2zUwB4EJsc",
                ],
                "amount": "1000",
                "assetId": "12TICKER",
                "from": "0x0500000000000000000000000000000000000000000000000000000000000000",
                "fromPortfolio": 0,
                "to": "0xbd8b5c568e457823d3d3f18d2d1cc1ed79a086124760e9df41a4c66e96de9b42",
                "toPortfolio": 0,
              },
            ],
          },
          "status": "Executed",
        },
      },
      Object {
        "__typename": "Leg",
        "instruction": Object {
          "__typename": "Instruction",
          "createdBlockId": "256",
          "id": "2",
          "legs": Object {
            "__typename": "LegsConnection",
            "nodes": Array [
              Object {
                "__typename": "Leg",
                "addresses": Array [
                  "5GrwvaEF5zXb26Fz9rcQpDWS57CtERHpNehXCPcNoHGKutQY",
                  "5FA8HQPMNmidk6X2h9dfZUEivwRt6ju4cgtpHPEcbB62veMW",
                  "5EXPTATZUFcAR9ao5qp9UVaYPoprDpQZFhuVpyibFhA3gmCY",
                  "5Hmn2MX8PEd7rBfmXywhAfMvr77FkVy94PyMGncWabDbFVJ7",
                  "5DUtBYagbSiwaVdgK54ka26dtdykVn5M71DduDdw64M659EW",
                ],
                "amount": "100",
                "assetId": "11BTICKER2",
                "from": "0xea4516967d37fa2e8d1e63e08ed358798518caa6a5dad8c7b236fe9446061dc3",
                "fromPortfolio": 0,
                "to": "0x0500000000000000000000000000000000000000000000000000000000000000",
                "toPortfolio": 0,
              },
              Object {
                "__typename": "Leg",
                "addresses": Array [
                  "5GrwvaEF5zXb26Fz9rcQpDWS57CtERHpNehXCPcNoHGKutQY",
                  "5FA8HQPMNmidk6X2h9dfZUEivwRt6ju4cgtpHPEcbB62veMW",
                  "5EXPTATZUFcAR9ao5qp9UVaYPoprDpQZFhuVpyibFhA3gmCY",
                  "5Hmn2MX8PEd7rBfmXywhAfMvr77FkVy94PyMGncWabDbFVJ7",
                  "5DUtBYagbSiwaVdgK54ka26dtdykVn5M71DduDdw64M659EW",
                ],
                "amount": "100",
                "assetId": "11BTICKER1",
                "from": "0x0500000000000000000000000000000000000000000000000000000000000000",
                "fromPortfolio": 0,
                "to": "0x08c278a1fda1c376118a5a018ed968b73093f43862e69fb70a43420e23dcd811",
                "toPortfolio": 0,
              },
              Object {
                "__typename": "Leg",
                "addresses": Array [
                  "5GrwvaEF5zXb26Fz9rcQpDWS57CtERHpNehXCPcNoHGKutQY",
                  "5FA8HQPMNmidk6X2h9dfZUEivwRt6ju4cgtpHPEcbB62veMW",
                  "5EXPTATZUFcAR9ao5qp9UVaYPoprDpQZFhuVpyibFhA3gmCY",
                  "5Hmn2MX8PEd7rBfmXywhAfMvr77FkVy94PyMGncWabDbFVJ7",
                  "5DUtBYagbSiwaVdgK54ka26dtdykVn5M71DduDdw64M659EW",
                ],
                "amount": "100",
                "assetId": "11BTICKER1",
                "from": "0x0500000000000000000000000000000000000000000000000000000000000000",
                "fromPortfolio": 0,
                "to": "0xea4516967d37fa2e8d1e63e08ed358798518caa6a5dad8c7b236fe9446061dc3",
                "toPortfolio": 0,
              },
              Object {
                "__typename": "Leg",
                "addresses": Array [
                  "5GrwvaEF5zXb26Fz9rcQpDWS57CtERHpNehXCPcNoHGKutQY",
                  "5FA8HQPMNmidk6X2h9dfZUEivwRt6ju4cgtpHPEcbB62veMW",
                  "5EXPTATZUFcAR9ao5qp9UVaYPoprDpQZFhuVpyibFhA3gmCY",
                  "5Hmn2MX8PEd7rBfmXywhAfMvr77FkVy94PyMGncWabDbFVJ7",
                  "5DUtBYagbSiwaVdgK54ka26dtdykVn5M71DduDdw64M659EW",
                ],
                "amount": "100",
                "assetId": "11BTICKER1",
                "from": "0x0500000000000000000000000000000000000000000000000000000000000000",
                "fromPortfolio": 0,
                "to": "0x5e356043d083040537b74f6d3516c045ca2f5635f2f1962e0a1ab0ce81806b60",
                "toPortfolio": 0,
              },
              Object {
                "__typename": "Leg",
                "addresses": Array [
                  "5GrwvaEF5zXb26Fz9rcQpDWS57CtERHpNehXCPcNoHGKutQY",
                  "5FA8HQPMNmidk6X2h9dfZUEivwRt6ju4cgtpHPEcbB62veMW",
                  "5EXPTATZUFcAR9ao5qp9UVaYPoprDpQZFhuVpyibFhA3gmCY",
                  "5Hmn2MX8PEd7rBfmXywhAfMvr77FkVy94PyMGncWabDbFVJ7",
                  "5DUtBYagbSiwaVdgK54ka26dtdykVn5M71DduDdw64M659EW",
                ],
                "amount": "100",
                "assetId": "11BTICKER1",
                "from": "0x0500000000000000000000000000000000000000000000000000000000000000",
                "fromPortfolio": 0,
                "to": "0x40b9ecbf803281095439a8f6a74613e2f221b0a01ebec6ad2f109ed2ea895fbb",
                "toPortfolio": 0,
              },
            ],
          },
          "status": "Executed",
        },
      },
      Object {
        "__typename": "Leg",
        "instruction": Object {
          "__typename": "Instruction",
          "createdBlockId": "256",
          "id": "2",
          "legs": Object {
            "__typename": "LegsConnection",
            "nodes": Array [
              Object {
                "__typename": "Leg",
                "addresses": Array [
                  "5GrwvaEF5zXb26Fz9rcQpDWS57CtERHpNehXCPcNoHGKutQY",
                  "5FA8HQPMNmidk6X2h9dfZUEivwRt6ju4cgtpHPEcbB62veMW",
                  "5EXPTATZUFcAR9ao5qp9UVaYPoprDpQZFhuVpyibFhA3gmCY",
                  "5Hmn2MX8PEd7rBfmXywhAfMvr77FkVy94PyMGncWabDbFVJ7",
                  "5DUtBYagbSiwaVdgK54ka26dtdykVn5M71DduDdw64M659EW",
                ],
                "amount": "100",
                "assetId": "11BTICKER2",
                "from": "0xea4516967d37fa2e8d1e63e08ed358798518caa6a5dad8c7b236fe9446061dc3",
                "fromPortfolio": 0,
                "to": "0x0500000000000000000000000000000000000000000000000000000000000000",
                "toPortfolio": 0,
              },
              Object {
                "__typename": "Leg",
                "addresses": Array [
                  "5GrwvaEF5zXb26Fz9rcQpDWS57CtERHpNehXCPcNoHGKutQY",
                  "5FA8HQPMNmidk6X2h9dfZUEivwRt6ju4cgtpHPEcbB62veMW",
                  "5EXPTATZUFcAR9ao5qp9UVaYPoprDpQZFhuVpyibFhA3gmCY",
                  "5Hmn2MX8PEd7rBfmXywhAfMvr77FkVy94PyMGncWabDbFVJ7",
                  "5DUtBYagbSiwaVdgK54ka26dtdykVn5M71DduDdw64M659EW",
                ],
                "amount": "100",
                "assetId": "11BTICKER1",
                "from": "0x0500000000000000000000000000000000000000000000000000000000000000",
                "fromPortfolio": 0,
                "to": "0x08c278a1fda1c376118a5a018ed968b73093f43862e69fb70a43420e23dcd811",
                "toPortfolio": 0,
              },
              Object {
                "__typename": "Leg",
                "addresses": Array [
                  "5GrwvaEF5zXb26Fz9rcQpDWS57CtERHpNehXCPcNoHGKutQY",
                  "5FA8HQPMNmidk6X2h9dfZUEivwRt6ju4cgtpHPEcbB62veMW",
                  "5EXPTATZUFcAR9ao5qp9UVaYPoprDpQZFhuVpyibFhA3gmCY",
                  "5Hmn2MX8PEd7rBfmXywhAfMvr77FkVy94PyMGncWabDbFVJ7",
                  "5DUtBYagbSiwaVdgK54ka26dtdykVn5M71DduDdw64M659EW",
                ],
                "amount": "100",
                "assetId": "11BTICKER1",
                "from": "0x0500000000000000000000000000000000000000000000000000000000000000",
                "fromPortfolio": 0,
                "to": "0xea4516967d37fa2e8d1e63e08ed358798518caa6a5dad8c7b236fe9446061dc3",
                "toPortfolio": 0,
              },
              Object {
                "__typename": "Leg",
                "addresses": Array [
                  "5GrwvaEF5zXb26Fz9rcQpDWS57CtERHpNehXCPcNoHGKutQY",
                  "5FA8HQPMNmidk6X2h9dfZUEivwRt6ju4cgtpHPEcbB62veMW",
                  "5EXPTATZUFcAR9ao5qp9UVaYPoprDpQZFhuVpyibFhA3gmCY",
                  "5Hmn2MX8PEd7rBfmXywhAfMvr77FkVy94PyMGncWabDbFVJ7",
                  "5DUtBYagbSiwaVdgK54ka26dtdykVn5M71DduDdw64M659EW",
                ],
                "amount": "100",
                "assetId": "11BTICKER1",
                "from": "0x0500000000000000000000000000000000000000000000000000000000000000",
                "fromPortfolio": 0,
                "to": "0x5e356043d083040537b74f6d3516c045ca2f5635f2f1962e0a1ab0ce81806b60",
                "toPortfolio": 0,
              },
              Object {
                "__typename": "Leg",
                "addresses": Array [
                  "5GrwvaEF5zXb26Fz9rcQpDWS57CtERHpNehXCPcNoHGKutQY",
                  "5FA8HQPMNmidk6X2h9dfZUEivwRt6ju4cgtpHPEcbB62veMW",
                  "5EXPTATZUFcAR9ao5qp9UVaYPoprDpQZFhuVpyibFhA3gmCY",
                  "5Hmn2MX8PEd7rBfmXywhAfMvr77FkVy94PyMGncWabDbFVJ7",
                  "5DUtBYagbSiwaVdgK54ka26dtdykVn5M71DduDdw64M659EW",
                ],
                "amount": "100",
                "assetId": "11BTICKER1",
                "from": "0x0500000000000000000000000000000000000000000000000000000000000000",
                "fromPortfolio": 0,
                "to": "0x40b9ecbf803281095439a8f6a74613e2f221b0a01ebec6ad2f109ed2ea895fbb",
                "toPortfolio": 0,
              },
            ],
          },
          "status": "Executed",
        },
      },
      Object {
        "__typename": "Leg",
        "instruction": Object {
          "__typename": "Instruction",
          "createdBlockId": "256",
          "id": "2",
          "legs": Object {
            "__typename": "LegsConnection",
            "nodes": Array [
              Object {
                "__typename": "Leg",
                "addresses": Array [
                  "5GrwvaEF5zXb26Fz9rcQpDWS57CtERHpNehXCPcNoHGKutQY",
                  "5FA8HQPMNmidk6X2h9dfZUEivwRt6ju4cgtpHPEcbB62veMW",
                  "5EXPTATZUFcAR9ao5qp9UVaYPoprDpQZFhuVpyibFhA3gmCY",
                  "5Hmn2MX8PEd7rBfmXywhAfMvr77FkVy94PyMGncWabDbFVJ7",
                  "5DUtBYagbSiwaVdgK54ka26dtdykVn5M71DduDdw64M659EW",
                ],
                "amount": "100",
                "assetId": "11BTICKER2",
                "from": "0xea4516967d37fa2e8d1e63e08ed358798518caa6a5dad8c7b236fe9446061dc3",
                "fromPortfolio": 0,
                "to": "0x0500000000000000000000000000000000000000000000000000000000000000",
                "toPortfolio": 0,
              },
              Object {
                "__typename": "Leg",
                "addresses": Array [
                  "5GrwvaEF5zXb26Fz9rcQpDWS57CtERHpNehXCPcNoHGKutQY",
                  "5FA8HQPMNmidk6X2h9dfZUEivwRt6ju4cgtpHPEcbB62veMW",
                  "5EXPTATZUFcAR9ao5qp9UVaYPoprDpQZFhuVpyibFhA3gmCY",
                  "5Hmn2MX8PEd7rBfmXywhAfMvr77FkVy94PyMGncWabDbFVJ7",
                  "5DUtBYagbSiwaVdgK54ka26dtdykVn5M71DduDdw64M659EW",
                ],
                "amount": "100",
                "assetId": "11BTICKER1",
                "from": "0x0500000000000000000000000000000000000000000000000000000000000000",
                "fromPortfolio": 0,
                "to": "0x08c278a1fda1c376118a5a018ed968b73093f43862e69fb70a43420e23dcd811",
                "toPortfolio": 0,
              },
              Object {
                "__typename": "Leg",
                "addresses": Array [
                  "5GrwvaEF5zXb26Fz9rcQpDWS57CtERHpNehXCPcNoHGKutQY",
                  "5FA8HQPMNmidk6X2h9dfZUEivwRt6ju4cgtpHPEcbB62veMW",
                  "5EXPTATZUFcAR9ao5qp9UVaYPoprDpQZFhuVpyibFhA3gmCY",
                  "5Hmn2MX8PEd7rBfmXywhAfMvr77FkVy94PyMGncWabDbFVJ7",
                  "5DUtBYagbSiwaVdgK54ka26dtdykVn5M71DduDdw64M659EW",
                ],
                "amount": "100",
                "assetId": "11BTICKER1",
                "from": "0x0500000000000000000000000000000000000000000000000000000000000000",
                "fromPortfolio": 0,
                "to": "0xea4516967d37fa2e8d1e63e08ed358798518caa6a5dad8c7b236fe9446061dc3",
                "toPortfolio": 0,
              },
              Object {
                "__typename": "Leg",
                "addresses": Array [
                  "5GrwvaEF5zXb26Fz9rcQpDWS57CtERHpNehXCPcNoHGKutQY",
                  "5FA8HQPMNmidk6X2h9dfZUEivwRt6ju4cgtpHPEcbB62veMW",
                  "5EXPTATZUFcAR9ao5qp9UVaYPoprDpQZFhuVpyibFhA3gmCY",
                  "5Hmn2MX8PEd7rBfmXywhAfMvr77FkVy94PyMGncWabDbFVJ7",
                  "5DUtBYagbSiwaVdgK54ka26dtdykVn5M71DduDdw64M659EW",
                ],
                "amount": "100",
                "assetId": "11BTICKER1",
                "from": "0x0500000000000000000000000000000000000000000000000000000000000000",
                "fromPortfolio": 0,
                "to": "0x5e356043d083040537b74f6d3516c045ca2f5635f2f1962e0a1ab0ce81806b60",
                "toPortfolio": 0,
              },
              Object {
                "__typename": "Leg",
                "addresses": Array [
                  "5GrwvaEF5zXb26Fz9rcQpDWS57CtERHpNehXCPcNoHGKutQY",
                  "5FA8HQPMNmidk6X2h9dfZUEivwRt6ju4cgtpHPEcbB62veMW",
                  "5EXPTATZUFcAR9ao5qp9UVaYPoprDpQZFhuVpyibFhA3gmCY",
                  "5Hmn2MX8PEd7rBfmXywhAfMvr77FkVy94PyMGncWabDbFVJ7",
                  "5DUtBYagbSiwaVdgK54ka26dtdykVn5M71DduDdw64M659EW",
                ],
                "amount": "100",
                "assetId": "11BTICKER1",
                "from": "0x0500000000000000000000000000000000000000000000000000000000000000",
                "fromPortfolio": 0,
                "to": "0x40b9ecbf803281095439a8f6a74613e2f221b0a01ebec6ad2f109ed2ea895fbb",
                "toPortfolio": 0,
              },
            ],
          },
          "status": "Executed",
        },
      },
    ],
  },
}
`;
