// Jest Snapshot v1, https://goo.gl/fbAQLP

exports[`tickerExternalAgent should return the time block and event index when an agent was added to a ticker 1`] = `
Object {
  "tickerExternalAgents": Object {
    "__typename": "TickerExternalAgentsConnection",
    "nodes": Array [
      Object {
        "__typename": "TickerExternalAgent",
        "callerDid": "0xbd8b5c568e457823d3d3f18d2d1cc1ed79a086124760e9df41a4c66e96de9b42",
        "createdBlockId": "281",
        "datetime": "2022-11-08T19:02:38.001",
        "eventIdx": 1,
      },
    ],
  },
}
`;
