// Jest Snapshot v1, https://goo.gl/fbAQLP

exports[`tickerExternalAgentHistory should return history of each external agent in ticker 1`] = `
Object {
  "tickerExternalAgentHistories": Object {
    "__typename": "TickerExternalAgentHistoriesConnection",
    "nodes": Array [
      Object {
        "__typename": "TickerExternalAgentHistory",
        "createdBlockId": "312",
        "datetime": "2021-10-06T12:34:41",
        "did": "0xeb686d5391c1123fcd252419bc1e77b525f46bddc8964d34e74be0988c419fea",
        "eventIdx": 1,
        "permissions": "{\\"whole\\":null}",
        "ticker": "12TICKER",
        "type": "AgentAdded",
      },
      Object {
        "__typename": "TickerExternalAgentHistory",
        "createdBlockId": "314",
        "datetime": "2021-10-06T12:34:42",
        "did": "0x0854afeca045161ef42ba9be94c973f65efc0e8532933500865a1fd655148f6c",
        "eventIdx": 1,
        "permissions": "{\\"whole\\":null}",
        "ticker": "12TICKER",
        "type": "AgentAdded",
      },
      Object {
        "__typename": "TickerExternalAgentHistory",
        "createdBlockId": "316",
        "datetime": "2021-10-06T12:34:43",
        "did": "0x0500000000000000000000000000000000000000000000000000000000000000",
        "eventIdx": 1,
        "permissions": null,
        "ticker": "12TICKER",
        "type": "AgentRemoved",
      },
      Object {
        "__typename": "TickerExternalAgentHistory",
        "createdBlockId": "318",
        "datetime": "2021-10-06T12:34:44",
        "did": "0x0500000000000000000000000000000000000000000000000000000000000000",
        "eventIdx": 1,
        "permissions": "{\\"whole\\":null}",
        "ticker": "12TICKER",
        "type": "AgentAdded",
      },
      Object {
        "__typename": "TickerExternalAgentHistory",
        "createdBlockId": "319",
        "datetime": "2021-10-06T12:34:44.5",
        "did": "0xeb686d5391c1123fcd252419bc1e77b525f46bddc8964d34e74be0988c419fea",
        "eventIdx": 1,
        "permissions": null,
        "ticker": "12TICKER",
        "type": "AgentRemoved",
      },
      Object {
        "__typename": "TickerExternalAgentHistory",
        "createdBlockId": "322",
        "datetime": "2021-10-06T12:34:46",
        "did": "0x0500000000000000000000000000000000000000000000000000000000000000",
        "eventIdx": 1,
        "permissions": "{\\"whole\\":null}",
        "ticker": "12TICKER",
        "type": "AgentPermissionsChanged",
      },
    ],
  },
}
`;
