// Jest Snapshot v1, https://goo.gl/fbAQLP

exports[`trustedClaimIssuer should return the trusted claim issuers for every ticker 1`] = `
Object {
  "trustedClaimIssuers": Object {
    "__typename": "TrustedClaimIssuersConnection",
    "nodes": Array [
      Object {
        "__typename": "TrustedClaimIssuer",
        "assetId": "15TICKER",
        "issuer": "0x0400000000000000000000000000000000000000000000000000000000000000",
      },
    ],
  },
}
`;
